Archive member included because of file (symbol)

c:/program files (x86)/atmel/atmel toolchain/arm gcc/native/4.7.3.1029/arm-gnu-toolchain/bin/../lib/gcc/arm-none-eabi/4.7.3/../../../../arm-none-eabi/lib/armv7-m\libm.a(lib_a-s_fpclassify.o)
                              arduino/Print.o (__fpclassifyd)
c:/program files (x86)/atmel/atmel toolchain/arm gcc/native/4.7.3.1029/arm-gnu-toolchain/bin/../lib/gcc/arm-none-eabi/4.7.3/armv7-m\libgcc.a(_arm_addsubdf3.o)
                              arduino/Print.o (__aeabi_dsub)
c:/program files (x86)/atmel/atmel toolchain/arm gcc/native/4.7.3.1029/arm-gnu-toolchain/bin/../lib/gcc/arm-none-eabi/4.7.3/armv7-m\libgcc.a(_arm_muldivdf3.o)
                              arduino/Print.o (__aeabi_dmul)
c:/program files (x86)/atmel/atmel toolchain/arm gcc/native/4.7.3.1029/arm-gnu-toolchain/bin/../lib/gcc/arm-none-eabi/4.7.3/armv7-m\libgcc.a(_arm_cmpdf2.o)
                              arduino/Print.o (__aeabi_dcmplt)
c:/program files (x86)/atmel/atmel toolchain/arm gcc/native/4.7.3.1029/arm-gnu-toolchain/bin/../lib/gcc/arm-none-eabi/4.7.3/armv7-m\libgcc.a(_arm_fixdfsi.o)
                              arduino/Print.o (__aeabi_d2iz)
c:/program files (x86)/atmel/atmel toolchain/arm gcc/native/4.7.3.1029/arm-gnu-toolchain/bin/../lib/gcc/arm-none-eabi/4.7.3/armv7-m\libgcc.a(_arm_fixunsdfsi.o)
                              arduino/Print.o (__aeabi_d2uiz)
c:/program files (x86)/atmel/atmel toolchain/arm gcc/native/4.7.3.1029/arm-gnu-toolchain/bin/../lib/gcc/arm-none-eabi/4.7.3/armv7-m\libgcc.a(_arm_truncdfsf2.o)
                              arduino/Stream.o (__aeabi_d2f)
c:/program files (x86)/atmel/atmel toolchain/arm gcc/native/4.7.3.1029/arm-gnu-toolchain/bin/../lib/gcc/arm-none-eabi/4.7.3/armv7-m\libgcc.a(_arm_addsubsf3.o)
                              arduino/Stream.o (__aeabi_i2f)
c:/program files (x86)/atmel/atmel toolchain/arm gcc/native/4.7.3.1029/arm-gnu-toolchain/bin/../lib/gcc/arm-none-eabi/4.7.3/armv7-m\libgcc.a(_arm_muldivsf3.o)
                              arduino/Stream.o (__aeabi_fmul)
c:/program files (x86)/atmel/atmel toolchain/arm gcc/native/4.7.3.1029/arm-gnu-toolchain/bin/../lib/gcc/arm-none-eabi/4.7.3/../../../../arm-none-eabi/lib/armv7-m\libc.a(lib_a-__atexit.o)
                              c:/program files (x86)/atmel/atmel toolchain/arm gcc/native/4.7.3.1029/arm-gnu-toolchain/bin/../lib/gcc/arm-none-eabi/4.7.3/../../../../arm-none-eabi/lib/armv7-m/crt0.o (__register_exitproc)
c:/program files (x86)/atmel/atmel toolchain/arm gcc/native/4.7.3.1029/arm-gnu-toolchain/bin/../lib/gcc/arm-none-eabi/4.7.3/../../../../arm-none-eabi/lib/armv7-m\libc.a(lib_a-assert.o)
                              libsam/source/pwmc.o (__assert_func)
c:/program files (x86)/atmel/atmel toolchain/arm gcc/native/4.7.3.1029/arm-gnu-toolchain/bin/../lib/gcc/arm-none-eabi/4.7.3/../../../../arm-none-eabi/lib/armv7-m\libc.a(lib_a-atof.o)
                              arduino/WString.o (atof)
c:/program files (x86)/atmel/atmel toolchain/arm gcc/native/4.7.3.1029/arm-gnu-toolchain/bin/../lib/gcc/arm-none-eabi/4.7.3/../../../../arm-none-eabi/lib/armv7-m\libc.a(lib_a-atol.o)
                              arduino/WString.o (atol)
c:/program files (x86)/atmel/atmel toolchain/arm gcc/native/4.7.3.1029/arm-gnu-toolchain/bin/../lib/gcc/arm-none-eabi/4.7.3/../../../../arm-none-eabi/lib/armv7-m\libc.a(lib_a-exit.o)
                              c:/program files (x86)/atmel/atmel toolchain/arm gcc/native/4.7.3.1029/arm-gnu-toolchain/bin/../lib/gcc/arm-none-eabi/4.7.3/../../../../arm-none-eabi/lib/armv7-m/crt0.o (exit)
c:/program files (x86)/atmel/atmel toolchain/arm gcc/native/4.7.3.1029/arm-gnu-toolchain/bin/../lib/gcc/arm-none-eabi/4.7.3/../../../../arm-none-eabi/lib/armv7-m\libc.a(lib_a-fini.o)
                              c:/program files (x86)/atmel/atmel toolchain/arm gcc/native/4.7.3.1029/arm-gnu-toolchain/bin/../lib/gcc/arm-none-eabi/4.7.3/../../../../arm-none-eabi/lib/armv7-m/crt0.o (__libc_fini_array)
c:/program files (x86)/atmel/atmel toolchain/arm gcc/native/4.7.3.1029/arm-gnu-toolchain/bin/../lib/gcc/arm-none-eabi/4.7.3/../../../../arm-none-eabi/lib/armv7-m\libc.a(lib_a-fiprintf.o)
                              c:/program files (x86)/atmel/atmel toolchain/arm gcc/native/4.7.3.1029/arm-gnu-toolchain/bin/../lib/gcc/arm-none-eabi/4.7.3/../../../../arm-none-eabi/lib/armv7-m\libc.a(lib_a-assert.o) (fiprintf)
c:/program files (x86)/atmel/atmel toolchain/arm gcc/native/4.7.3.1029/arm-gnu-toolchain/bin/../lib/gcc/arm-none-eabi/4.7.3/../../../../arm-none-eabi/lib/armv7-m\libc.a(lib_a-impure.o)
                              c:/program files (x86)/atmel/atmel toolchain/arm gcc/native/4.7.3.1029/arm-gnu-toolchain/bin/../lib/gcc/arm-none-eabi/4.7.3/../../../../arm-none-eabi/lib/armv7-m\libc.a(lib_a-__atexit.o) (_global_impure_ptr)
[...]
Memory Configuration

Name             Origin             Length             Attributes
rom              0x00400000         0x00040000         xr
ram              0x20000000         0x0000c000         xrw
*default*        0x00000000         0xffffffff

Linker script and memory map

LOAD c:/program files (x86)/atmel/atmel toolchain/arm gcc/native/4.7.3.1029/arm-gnu-toolchain/bin/../lib/gcc/arm-none-eabi/4.7.3/armv7-m/crti.o
LOAD c:/program files (x86)/atmel/atmel toolchain/arm gcc/native/4.7.3.1029/arm-gnu-toolchain/bin/../lib/gcc/arm-none-eabi/4.7.3/armv7-m/crtbegin.o
LOAD c:/program files (x86)/atmel/atmel toolchain/arm gcc/native/4.7.3.1029/arm-gnu-toolchain/bin/../lib/gcc/arm-none-eabi/4.7.3/../../../../arm-none-eabi/lib/armv7-m/crt0.o
LOAD arduino/avr/dtostrf.o
LOAD arduino/cortex_handlers.o
LOAD arduino/cxxabi-compat.o
LOAD arduino/hooks.o
LOAD arduino/iar_calls_sam3.o
LOAD arduino/IPAddress.o
LOAD arduino/itoa.o
LOAD arduino/Print.o
LOAD arduino/Reset.o
LOAD arduino/RingBuffer.o
LOAD arduino/Stream.o
LOAD arduino/syscalls_sam3.o
LOAD arduino/UARTClass.o
LOAD arduino/USARTClass.o
LOAD arduino/USB/CDC.o
LOAD arduino/USB/HID.o
LOAD arduino/USB/USBCore.o
LOAD arduino/WInterrupts.o
LOAD arduino/wiring.o
LOAD arduino/wiring_analog.o
LOAD arduino/wiring_digital.o
LOAD arduino/wiring_pulse.o
LOAD arduino/wiring_shift.o
LOAD arduino/WMath.o
LOAD arduino/WString.o
LOAD Arduino_Due_Atmel_Studio_SAM3S.o
LOAD cmsis/src/startup_sam3s.o
LOAD cmsis/src/system_sam3s.o
LOAD libsam/source/adc.o
LOAD libsam/source/adc12_sam3u.o
LOAD libsam/source/can.o
LOAD libsam/source/dacc.o
LOAD libsam/source/efc.o
LOAD libsam/source/emac.o
LOAD libsam/source/gpbr.o
LOAD libsam/source/interrupt_sam_nvic.o
LOAD libsam/source/pio.o
LOAD libsam/source/pmc.o
LOAD libsam/source/pwmc.o
LOAD libsam/source/rstc.o
LOAD libsam/source/rtc.o
LOAD libsam/source/rtt.o
LOAD libsam/source/spi.o
LOAD libsam/source/ssc.o
LOAD libsam/source/tc.o
LOAD libsam/source/timetick.o
LOAD libsam/source/trng.o
LOAD libsam/source/twi.o
LOAD libsam/source/udp.o
LOAD libsam/source/udphs.o
LOAD libsam/source/uotghs.o
LOAD libsam/source/uotghs_device.o
LOAD libsam/source/uotghs_host.o
LOAD libsam/source/usart.o
LOAD libsam/source/wdt.o
LOAD variants/variant.o
START GROUP
END GROUP
LOAD c:/program files (x86)/atmel/atmel toolchain/arm gcc/native/4.7.3.1029/arm-gnu-toolchain/bin/../lib/gcc/arm-none-eabi/4.7.3/../../../../arm-none-eabi/lib/armv7-m\libstdc++.a
LOAD c:/program files (x86)/atmel/atmel toolchain/arm gcc/native/4.7.3.1029/arm-gnu-toolchain/bin/../lib/gcc/arm-none-eabi/4.7.3/../../../../arm-none-eabi/lib/armv7-m\libm.a
START GROUP
LOAD c:/program files (x86)/atmel/atmel toolchain/arm gcc/native/4.7.3.1029/arm-gnu-toolchain/bin/../lib/gcc/arm-none-eabi/4.7.3/armv7-m\libgcc.a
LOAD c:/program files (x86)/atmel/atmel toolchain/arm gcc/native/4.7.3.1029/arm-gnu-toolchain/bin/../lib/gcc/arm-none-eabi/4.7.3/../../../../arm-none-eabi/lib/armv7-m\libc.a
END GROUP
LOAD c:/program files (x86)/atmel/atmel toolchain/arm gcc/native/4.7.3.1029/arm-gnu-toolchain/bin/../lib/gcc/arm-none-eabi/4.7.3/armv7-m/crtend.o
LOAD c:/program files (x86)/atmel/atmel toolchain/arm gcc/native/4.7.3.1029/arm-gnu-toolchain/bin/../lib/gcc/arm-none-eabi/4.7.3/armv7-m/crtn.o
                [0x00003000]                STACK_SIZE = DEFINED (STACK_SIZE)?STACK_SIZE:0x3000

.text           0x00400000     0x28ac
                0x00400000                . = ALIGN (0x4)
                0x00400000                _sfixed = .
 *(.vectors .vectors.*)
 .vectors       0x00400000       0xcc cmsis/src/startup_sam3s.o
                0x00400000                exception_table
 *(.text .text.* .gnu.linkonce.t.*)
 .text          0x004000cc       0xb0 c:/program files (x86)/atmel/atmel toolchain/arm gcc/native/4.7.3.1029/arm-gnu-toolchain/bin/../lib/gcc/arm-none-eabi/4.7.3/armv7-m/crtbegin.o
 .text.__halt   0x0040017c        0x4 arduino/cortex_handlers.o
                0x0040017c                DACC_Handler
                0x0040017c                DebugMon_Handler
                0x0040017c                DMAC_Handler
                0x0040017c                TRNG_Handler
                0x0040017c                HardFault_Handler
                0x0040017c                TC2_Handler
                0x0040017c                TWI1_Handler
                0x0040017c                NMI_Handler
                0x0040017c                ADC_Handler
                0x0040017c                RTT_Handler
                0x0040017c                EFC1_Handler
                0x0040017c                RTC_Handler
                0x0040017c                UsageFault_Handler
                0x0040017c                WDT_Handler
                0x0040017c                CAN0_Handler
                0x0040017c                TC4_Handler
                0x0040017c                TC1_Handler
                0x0040017c                HSMCI_Handler
                0x0040017c                TC3_Handler
                0x0040017c                TWI0_Handler
                0x0040017c                USART1_Handler
                0x0040017c                SSC_Handler
                0x0040017c                EFC0_Handler
                0x0040017c                PMC_Handler
                0x0040017c                PWM_Handler
                0x0040017c                CAN1_Handler
                0x0040017c                MemManage_Handler
                0x0040017c                SUPC_Handler
                0x0040017c                USART2_Handler
                0x0040017c                UART_Handler
                0x0040017c                BusFault_Handler
                0x0040017c                RSTC_Handler
                0x0040017c                TC0_Handler
                0x0040017c                TC5_Handler
                0x0040017c                UOTGHS_Handler
                0x0040017c                SPI0_Handler
 .text.SVC_Handler
                0x00400180       0x10 arduino/cortex_handlers.o
                0x00400180                SVC_Handler
 .text.PendSV_Handler
                0x00400190       0x10 arduino/cortex_handlers.o
                0x00400190                PendSV_Handler
 .text.SysTick_Handler
                0x004001a0       0x24 arduino/cortex_handlers.o
                0x004001a0                SysTick_Handler
 .text.__empty  0x004001c4        0x4 arduino/hooks.o
                0x004001c4                yield
 .text.__false  0x004001c8        0x8 arduino/hooks.o
                0x004001c8                sysTickHook
 .text.__halt   0x004001d0        0x4 arduino/hooks.o
                0x004001d0                svcHook
                0x004001d0                pendSVHook
 .text._ZNK9IPAddress7printToER5Print
                0x004001d4       0x74 arduino/IPAddress.o
                0x004001d4                IPAddress::printTo(Print&) const
 .text._ZN9IPAddressC2Ehhhh
                0x00400248       0x1c arduino/IPAddress.o
                0x00400248                IPAddress::IPAddress(unsigned char, unsigned char, unsigned char, unsigned char)
                0x00400248                IPAddress::IPAddress(unsigned char, unsigned char, unsigned char, unsigned char)
 .text._GLOBAL__sub_I__ZN9IPAddressC2Ev
                0x00400264       0x24 arduino/IPAddress.o
 .text._ZN5Print5writeEPKhj
                0x00400288       0x74 arduino/Print.o
                0x00400288                Print::write(unsigned char const*, unsigned int)
 .text._ZN5Print5printEc
                0x004002fc        0xc arduino/Print.o
                0x004002fc                Print::print(char)
 .text._ZN5Print11printNumberEmh
                0x00400308       0x60 arduino/Print.o
                0x00400308                Print::printNumber(unsigned long, unsigned char)
 .text._ZN5Print5printEmi
                0x00400368       0x1c arduino/Print.o
                0x00400368                Print::print(unsigned long, int)
 .text._ZN5Print5printEhi
                0x00400384       0x10 arduino/Print.o
                0x00400384                Print::print(unsigned char, int)
 .text.initiateReset
                0x00400394        0xc arduino/Reset.o
                0x00400394                initiateReset
 .text.cancelReset
                0x004003a0       0x10 arduino/Reset.o
                0x004003a0                cancelReset
 .text.tickReset
                0x004003b0       0x2c arduino/Reset.o
                0x004003b0                tickReset
 .text._ZN10RingBufferC2Ev
                0x004003dc       0x24 arduino/RingBuffer.o
                0x004003dc                RingBuffer::RingBuffer()
                0x004003dc                RingBuffer::RingBuffer()
 .text._ZN10RingBuffer10store_charEh
                0x00400400       0x1c arduino/RingBuffer.o
                0x00400400                RingBuffer::store_char(unsigned char)
 .text._sbrk    0x0040041c       0x30 arduino/syscalls_sam3.o
                0x0040041c                _sbrk
 .text._ZN9UARTClasscvbEv
                0x0040044c        0x8 arduino/UARTClass.o
                0x0040044c                UARTClass::operator bool()
 .text._ZN9UARTClass9availableEv
                0x00400454       0x10 arduino/UARTClass.o
                0x00400454                UARTClass::available()
 .text._ZN9UARTClass4peekEv
                0x00400464       0x14 arduino/UARTClass.o
                0x00400464                UARTClass::peek()
 .text._ZN9UARTClass4readEv
                0x00400478       0x20 arduino/UARTClass.o
                0x00400478                UARTClass::read()
 .text._ZN9UARTClass5flushEv
                0x00400498        0xc arduino/UARTClass.o
                0x00400498                UARTClass::flush()
 .text._ZN9UARTClass5writeEh
                0x004004a4       0x14 arduino/UARTClass.o
                0x004004a4                UARTClass::write(unsigned char)
 .text._ZN9UARTClassC2EP4Uart4IRQnmP10RingBuffer
                0x004004b8       0x28 arduino/UARTClass.o
                0x004004b8                UARTClass::UARTClass(Uart*, IRQn, unsigned long, RingBuffer*)
                0x004004b8                UARTClass::UARTClass(Uart*, IRQn, unsigned long, RingBuffer*)
 .text._ZN9UARTClass10IrqHandlerEv
                0x004004e0       0x30 arduino/UARTClass.o
                0x004004e0                UARTClass::IrqHandler()
 .text._ZN10USARTClasscvbEv
                0x00400510        0x8 arduino/USARTClass.o
                0x00400510                USARTClass::operator bool()
 .text._ZN10USARTClass9availableEv
                0x00400518       0x10 arduino/USARTClass.o
                0x00400518                USARTClass::available()
 .text._ZN10USARTClass4peekEv
                0x00400528       0x14 arduino/USARTClass.o
                0x00400528                USARTClass::peek()
 .text._ZN10USARTClass4readEv
                0x0040053c       0x20 arduino/USARTClass.o
                0x0040053c                USARTClass::read()
 .text._ZN10USARTClass5flushEv
                0x0040055c        0xc arduino/USARTClass.o
                0x0040055c                USARTClass::flush()
 .text._ZN10USARTClass5writeEh
                0x00400568       0x14 arduino/USARTClass.o
                0x00400568                USARTClass::write(unsigned char)
 .text._ZN10USARTClassC2EP5Usart4IRQnmP10RingBuffer
                0x0040057c       0x28 arduino/USARTClass.o
                0x0040057c                USARTClass::USARTClass(Usart*, IRQn, unsigned long, RingBuffer*)
                0x0040057c                USARTClass::USARTClass(Usart*, IRQn, unsigned long, RingBuffer*)
 .text._ZN10USARTClass10IrqHandlerEv
                0x004005a4       0x30 arduino/USARTClass.o
                0x004005a4                USARTClass::IrqHandler()
 .text._ZN7Serial_9availableEv
                0x004005d4       0x1c arduino/USB/CDC.o
                0x004005d4                Serial_::available()
 .text._ZN7Serial_4peekEv
                0x004005f0       0x2c arduino/USB/CDC.o
                0x004005f0                Serial_::peek()
 .text._ZN7Serial_5writeEh
                0x0040061c       0x1c arduino/USB/CDC.o
                0x0040061c                Serial_::write(unsigned char)
 .text._ZN7Serial_5writeEPKhj
                0x00400638       0x3c arduino/USB/CDC.o
                0x00400638                Serial_::write(unsigned char const*, unsigned int)
 .text._ZN7Serial_5flushEv
                0x00400674       0x14 arduino/USB/CDC.o
                0x00400674                Serial_::flush()
 .text._ZN7Serial_4readEv
                0x00400688       0x5c arduino/USB/CDC.o
                0x00400688                Serial_::read()
 .text._ZN7Serial_6acceptEv
                0x004006e4       0xa8 arduino/USB/CDC.o
                0x004006e4                Serial_::accept()
 .text._Z16CDC_GetInterfacePh
                0x0040078c       0x28 arduino/USB/CDC.o
                0x0040078c                CDC_GetInterface(unsigned char*)
 .text._Z21CDC_GetOtherInterfacePh
                0x004007b4       0x24 arduino/USB/CDC.o
                0x004007b4                CDC_GetOtherInterface(unsigned char*)
 .text._Z9CDC_SetupR5Setup
                0x004007d8       0xb8 arduino/USB/CDC.o
                0x004007d8                CDC_Setup(Setup&)
 .text._GLOBAL__sub_I_cdc_rx_buffer
                0x00400890       0x24 arduino/USB/CDC.o
 .text._Z14USBD_Availablem
                0x004008b4       0x40 arduino/USB/USBCore.o
                0x004008b4                USBD_Available(unsigned long)
 .text._Z9USBD_RecvmPvm
                0x004008f4       0xe0 arduino/USB/USBCore.o
                0x004008f4                USBD_Recv(unsigned long, void*, unsigned long)
 .text._Z9USBD_Recvm
                0x004009d4       0x2c arduino/USB/USBCore.o
                0x004009d4                USBD_Recv(unsigned long)
 .text._Z9USBD_SendmPKvm
                0x00400a00       0x54 arduino/USB/USBCore.o
                0x00400a00                USBD_Send(unsigned long, void const*, unsigned long)
 .text._Z16USBD_InitControli
                0x00400a54       0x14 arduino/USB/USBCore.o
                0x00400a54                USBD_InitControl(int)
 .text._Z16USBD_SendControlhPKvm
                0x00400a68       0x54 arduino/USB/USBCore.o
                0x00400a68                USBD_SendControl(unsigned char, void const*, unsigned long)
 .text._ZL24USB_SendStringDescriptorPKhi
                0x00400abc       0x94 arduino/USB/USBCore.o
 .text._Z16USBD_RecvControlPvm
                0x00400b50       0x30 arduino/USB/USBCore.o
                0x00400b50                USBD_RecvControl(void*, unsigned long)
 .text._Z26USBD_ClassInterfaceRequestR5Setup
                0x00400b80       0x18 arduino/USB/USBCore.o
                0x00400b80                USBD_ClassInterfaceRequest(Setup&)
 .text._Z19USBD_SendInterfacesv
                0x00400b98       0x20 arduino/USB/USBCore.o
                0x00400b98                USBD_SendInterfaces()
 .text._Z24USBD_SendOtherInterfacesv
                0x00400bb8       0x20 arduino/USB/USBCore.o
                0x00400bb8                USBD_SendOtherInterfaces()
 .text._ZL7USB_ISRv
                0x00400bd8      0x430 arduino/USB/USBCore.o
 .text._Z10USBD_Flushm
                0x00401008       0x20 arduino/USB/USBCore.o
                0x00401008                USBD_Flush(unsigned long)
 .text._ZN10USBDevice_C2Ev
                0x00401028       0x34 arduino/USB/USBCore.o
                0x00401028                USBDevice_::USBDevice_()
                0x00401028                USBDevice_::USBDevice_()
 .text._GLOBAL__sub_I_TxLEDPulse
                0x0040105c       0x14 arduino/USB/USBCore.o
 .text.PIOA_Handler
                0x00401070       0x50 arduino/WInterrupts.o
                0x00401070                PIOA_Handler
 .text.PIOB_Handler
                0x004010c0       0x50 arduino/WInterrupts.o
                0x004010c0                PIOB_Handler
 .text.delay    0x00401110       0x30 arduino/wiring.o
                0x00401110                delay
 .text.analogOutputInit
                0x00401140       0x28 arduino/wiring_analog.o
                0x00401140                analogOutputInit
 .text.pinMode  0x00401168       0xe0 arduino/wiring_digital.o
                0x00401168                pinMode
 .text.digitalWrite
                0x00401248       0x6c arduino/wiring_digital.o
                0x00401248                digitalWrite
 .text.setup    0x004012b4       0x1c Arduino_Due_Atmel_Studio_SAM3S.o
                0x004012b4                setup
 .text.loop     0x004012d0       0x38 Arduino_Due_Atmel_Studio_SAM3S.o
                0x004012d0                loop
 .text.main     0x00401308       0x54 Arduino_Due_Atmel_Studio_SAM3S.o
                0x00401308                main
 .text.Dummy_Handler
                0x0040135c        0x4 cmsis/src/startup_sam3s.o
                0x0040135c                CRCCU_Handler
                0x0040135c                Dummy_Handler
                0x0040135c                ACC_Handler
                0x0040135c                EFC_Handler
                0x0040135c                UART0_Handler
                0x0040135c                UDP_Handler
                0x0040135c                SPI_Handler
 .text.Reset_Handler
                0x00401360      0x120 cmsis/src/startup_sam3s.o
                0x00401360                Reset_Handler
 .text.SystemInit
                0x00401480       0xf8 cmsis/src/system_sam3s.o
                0x00401480                SystemInit
 .text.adc_init
                0x00401578       0x48 libsam/source/adc.o
                0x00401578                adc_init
 .text.adc_configure_trigger
                0x004015c0       0x10 libsam/source/adc.o
                0x004015c0                adc_configure_trigger
 .text.adc_configure_timing
                0x004015d0       0x20 libsam/source/adc.o
                0x004015d0                adc_configure_timing
 .text.adc_disable_all_channel
                0x004015f0        0x8 libsam/source/adc.o
                0x004015f0                adc_disable_all_channel
 .text.adc_disable_interrupt
                0x004015f8        0x4 libsam/source/adc.o
                0x004015f8                adc_disable_interrupt
 .text.PIO_DisableInterrupt
                0x004015fc        0x4 libsam/source/pio.o
                0x004015fc                PIO_DisableInterrupt
 .text.PIO_PullUp
                0x00401600        0xc libsam/source/pio.o
                0x00401600                PIO_PullUp
 .text.PIO_SetPeripheral
                0x0040160c       0x70 libsam/source/pio.o
                0x0040160c                PIO_SetPeripheral
 .text.PIO_SetInput
                0x0040167c       0x4c libsam/source/pio.o
                0x0040167c                PIO_SetInput
 .text.PIO_SetOutput
                0x004016c8       0x3c libsam/source/pio.o
                0x004016c8                PIO_SetOutput
 .text.PIO_Configure
                0x00401704       0x94 libsam/source/pio.o
                0x00401704                PIO_Configure
 .text.PIO_GetOutputDataStatus
                0x00401798       0x18 libsam/source/pio.o
                0x00401798                PIO_GetOutputDataStatus
 .text.pmc_enable_periph_clk
                0x004017b0       0x84 libsam/source/pmc.o
                0x004017b0                pmc_enable_periph_clk
 .text.pmc_disable_periph_clk
                0x00401834       0x84 libsam/source/pmc.o
                0x00401834                pmc_disable_periph_clk
 .text.TimeTick_Increment
                0x004018b8       0x14 libsam/source/timetick.o
                0x004018b8                TimeTick_Increment
 .text.GetTickCount
                0x004018cc        0xc libsam/source/timetick.o
                0x004018cc                GetTickCount
 .text.WDT_Disable
                0x004018d8        0x8 libsam/source/wdt.o
                0x004018d8                WDT_Disable
 .text._Z11serialEventv
                0x004018e0        0x4 variants/variant.o
                0x004018e0                serialEvent()
 .text._Z12serialEvent2v
                0x004018e4        0x4 variants/variant.o
                0x004018e4                serialEvent2()
 .text.UART1_Handler
                0x004018e8       0x14 variants/variant.o
                0x004018e8                UART1_Handler
 .text._Z12serialEvent1v
                0x004018fc        0x4 variants/variant.o
                0x004018fc                serialEvent1()
 .text.USART0_Handler
                0x00401900       0x14 variants/variant.o
                0x00401900                USART0_Handler
 .text.init     0x00401914      0x188 variants/variant.o
                0x00401914                init
 .text._GLOBAL__sub_I_g_APinDescription
                0x00401a9c       0x80 variants/variant.o
 .text._Z14serialEventRunv
                0x00401b1c       0x5c variants/variant.o
                0x00401b1c                serialEventRun()
 .text          0x00401b78       0x9c c:/program files (x86)/atmel/atmel toolchain/arm gcc/native/4.7.3.1029/arm-gnu-toolchain/bin/../lib/gcc/arm-none-eabi/4.7.3/../../../../arm-none-eabi/lib/armv7-m\libc.a(lib_a-__atexit.o)
                0x00401b78                __register_exitproc
 .text          0x00401c14       0x2c c:/program files (x86)/atmel/atmel toolchain/arm gcc/native/4.7.3.1029/arm-gnu-toolchain/bin/../lib/gcc/arm-none-eabi/4.7.3/../../../../arm-none-eabi/lib/armv7-m\libc.a(lib_a-fini.o)
                0x00401c14                __libc_fini_array
 .text          0x00401c40       0x4c c:/program files (x86)/atmel/atmel toolchain/arm gcc/native/4.7.3.1029/arm-gnu-toolchain/bin/../lib/gcc/arm-none-eabi/4.7.3/../../../../arm-none-eabi/lib/armv7-m\libc.a(lib_a-init.o)
                0x00401c40                __libc_init_array
 .text          0x00401c8c       0x20 c:/program files (x86)/atmel/atmel toolchain/arm gcc/native/4.7.3.1029/arm-gnu-toolchain/bin/../lib/gcc/arm-none-eabi/4.7.3/../../../../arm-none-eabi/lib/armv7-m\libc.a(lib_a-malloc.o)
                0x00401c8c                malloc
                0x00401c9c                free
 .text          0x00401cac      0x404 c:/program files (x86)/atmel/atmel toolchain/arm gcc/native/4.7.3.1029/arm-gnu-toolchain/bin/../lib/gcc/arm-none-eabi/4.7.3/../../../../arm-none-eabi/lib/armv7-m\libc.a(lib_a-mallocr.o)
                0x00401cac                _malloc_r
 .text          0x004020b0       0x10 c:/program files (x86)/atmel/atmel toolchain/arm gcc/native/4.7.3.1029/arm-gnu-toolchain/bin/../lib/gcc/arm-none-eabi/4.7.3/../../../../arm-none-eabi/lib/armv7-m\libc.a(lib_a-memset.o)
                0x004020b0                memset
 .text          0x004020c0        0x4 c:/program files (x86)/atmel/atmel toolchain/arm gcc/native/4.7.3.1029/arm-gnu-toolchain/bin/../lib/gcc/arm-none-eabi/4.7.3/../../../../arm-none-eabi/lib/armv7-m\libc.a(lib_a-mlock.o)
                0x004020c0                __malloc_lock
                0x004020c2                __malloc_unlock
 .text          0x004020c4       0x20 c:/program files (x86)/atmel/atmel toolchain/arm gcc/native/4.7.3.1029/arm-gnu-toolchain/bin/../lib/gcc/arm-none-eabi/4.7.3/../../../../arm-none-eabi/lib/armv7-m\libc.a(lib_a-sbrkr.o)
                0x004020c4                _sbrk_r
 .text          0x004020e4       0x10 c:/program files (x86)/atmel/atmel toolchain/arm gcc/native/4.7.3.1029/arm-gnu-toolchain/bin/../lib/gcc/arm-none-eabi/4.7.3/../../../../arm-none-eabi/lib/armv7-m\libc.a(lib_a-strlen.o)
                0x004020e4                strlen
 .text.startup  0x004020f4       0x14 c:/program files (x86)/atmel/atmel toolchain/arm gcc/native/4.7.3.1029/arm-gnu-toolchain/bin/../lib/gcc/arm-none-eabi/4.7.3/../../../../arm-none-eabi/lib/armv7-m\libc.a(lib_a-__call_atexit.o)
 .text          0x00402108        0xc c:/program files (x86)/atmel/atmel toolchain/arm gcc/native/4.7.3.1029/arm-gnu-toolchain/bin/../lib/gcc/arm-none-eabi/4.7.3/../../../../arm-none-eabi/lib/armv7-m\libc.a(lib_a-atexit.o)
                0x00402108                atexit
 .text          0x00402114      0x208 c:/program files (x86)/atmel/atmel toolchain/arm gcc/native/4.7.3.1029/arm-gnu-toolchain/bin/../lib/gcc/arm-none-eabi/4.7.3/../../../../arm-none-eabi/lib/armv7-m\libc.a(lib_a-freer.o)
                0x00402114                _malloc_trim_r
                0x004021b0                _free_r
 *(.glue_7t)
 .glue_7t       0x00000000        0x0 linker stubs
 *(.glue_7)
 .glue_7        0x00000000        0x0 linker stubs
 *(.rodata .rodata* .gnu.linkonce.r.*)
 *fill*         0x0040231c        0x4 00
 .rodata        0x00402320       0x10 arduino/IPAddress.o
                0x00402320                vtable for IPAddress
 .rodata        0x00402330       0x28 arduino/UARTClass.o
                0x00402330                vtable for UARTClass
 .rodata        0x00402358       0x28 arduino/USARTClass.o
                0x00402358                vtable for USARTClass
 .rodata        0x00402380       0xb0 arduino/USB/CDC.o
                0x00402408                vtable for Serial_
 .rodata        0x00402430       0x6c arduino/USB/USBCore.o
                0x00402430                USB_DeviceDescriptorA
                0x00402458                STRING_LANGUAGE
                0x0040245c                USB_DeviceDescriptor
                0x00402470                STRING_PRODUCT
                0x00402480                STRING_MANUFACTURER
 .rodata        0x0040249c      0x3d4 variants/variant.o
                0x0040249c                g_APinDescription
 .rodata        0x00402870        0x4 c:/program files (x86)/atmel/atmel toolchain/arm gcc/native/4.7.3.1029/arm-gnu-toolchain/bin/../lib/gcc/arm-none-eabi/4.7.3/../../../../arm-none-eabi/lib/armv7-m\libc.a(lib_a-impure.o)
                0x00402870                _global_impure_ptr
 .rodata.str1.1
                0x00402874        0x2 c:/program files (x86)/atmel/atmel toolchain/arm gcc/native/4.7.3.1029/arm-gnu-toolchain/bin/../lib/gcc/arm-none-eabi/4.7.3/../../../../arm-none-eabi/lib/armv7-m\libc.a(lib_a-impure.o)
 *(.ARM.extab* .gnu.linkonce.armextab.*)
                0x00402878                . = ALIGN (0x4)
 *fill*         0x00402876        0x2 00
 *(.init)
 .init          0x00402878        0x4 c:/program files (x86)/atmel/atmel toolchain/arm gcc/native/4.7.3.1029/arm-gnu-toolchain/bin/../lib/gcc/arm-none-eabi/4.7.3/armv7-m/crti.o
                0x00402878                _init
 .init          0x0040287c        0x8 c:/program files (x86)/atmel/atmel toolchain/arm gcc/native/4.7.3.1029/arm-gnu-toolchain/bin/../lib/gcc/arm-none-eabi/4.7.3/armv7-m/crtn.o
                0x00402884                . = ALIGN (0x4)
                0x00402884                __preinit_array_start = .
 *(.preinit_array)
                0x00402884                __preinit_array_end = .
                0x00402884                . = ALIGN (0x4)
                0x00402884                __init_array_start = .
 *(SORT(.init_array.*))
 .init_array.00000
                0x00402884        0x4 c:/program files (x86)/atmel/atmel toolchain/arm gcc/native/4.7.3.1029/arm-gnu-toolchain/bin/../lib/gcc/arm-none-eabi/4.7.3/../../../../arm-none-eabi/lib/armv7-m\libc.a(lib_a-__call_atexit.o)
 *(.init_array)
 .init_array    0x00402888        0x4 c:/program files (x86)/atmel/atmel toolchain/arm gcc/native/4.7.3.1029/arm-gnu-toolchain/bin/../lib/gcc/arm-none-eabi/4.7.3/armv7-m/crtbegin.o
 .init_array    0x0040288c        0x4 arduino/IPAddress.o
 .init_array    0x00402890        0x4 arduino/USB/CDC.o
 .init_array    0x00402894        0x4 arduino/USB/USBCore.o
 .init_array    0x00402898        0x4 variants/variant.o
                0x0040289c                __init_array_end = .
                0x0040289c                . = ALIGN (0x4)
 *crtbegin.o(.ctors)
 *(EXCLUDE_FILE(*crtend.o) .ctors)
 *(SORT(.ctors.*))
 *crtend.o(.ctors)
                0x0040289c                . = ALIGN (0x4)
 *(.fini)
 .fini          0x0040289c        0x4 c:/program files (x86)/atmel/atmel toolchain/arm gcc/native/4.7.3.1029/arm-gnu-toolchain/bin/../lib/gcc/arm-none-eabi/4.7.3/armv7-m/crti.o
                0x0040289c                _fini
 .fini          0x004028a0        0x8 c:/program files (x86)/atmel/atmel toolchain/arm gcc/native/4.7.3.1029/arm-gnu-toolchain/bin/../lib/gcc/arm-none-eabi/4.7.3/armv7-m/crtn.o
                0x004028a8                . = ALIGN (0x4)
                0x004028a8                __fini_array_start = .
 *(.fini_array)
 .fini_array    0x004028a8        0x4 c:/program files (x86)/atmel/atmel toolchain/arm gcc/native/4.7.3.1029/arm-gnu-toolchain/bin/../lib/gcc/arm-none-eabi/4.7.3/armv7-m/crtbegin.o
 *(SORT(.fini_array.*))
                0x004028ac                __fini_array_end = .
 *crtbegin.o(.dtors)
 *(EXCLUDE_FILE(*crtend.o) .dtors)
 *(SORT(.dtors.*))
 *crtend.o(.dtors)
                0x004028ac                . = ALIGN (0x4)
                0x004028ac                _efixed = .
                0x004028ac                PROVIDE (__exidx_start, .)

.vfp11_veneer   0x004028ac        0x0
 .vfp11_veneer  0x00000000        0x0 linker stubs

.v4_bx          0x004028ac        0x0
 .v4_bx         0x00000000        0x0 linker stubs

.iplt           0x004028ac        0x0
 .iplt          0x00000000        0x0 c:/program files (x86)/atmel/atmel toolchain/arm gcc/native/4.7.3.1029/arm-gnu-toolchain/bin/../lib/gcc/arm-none-eabi/4.7.3/armv7-m/crtbegin.o

.eh_frame       0x004028ac        0x0
 .eh_frame      0x004028ac        0x0 c:/program files (x86)/atmel/atmel toolchain/arm gcc/native/4.7.3.1029/arm-gnu-toolchain/bin/../lib/gcc/arm-none-eabi/4.7.3/armv7-m/crtbegin.o

.rel.dyn        0x004028ac        0x0
 .rel.iplt      0x00000000        0x0 c:/program files (x86)/atmel/atmel toolchain/arm gcc/native/4.7.3.1029/arm-gnu-toolchain/bin/../lib/gcc/arm-none-eabi/4.7.3/armv7-m/crtbegin.o

.jcr            0x004028ac        0x0
 .jcr           0x004028ac        0x0 c:/program files (x86)/atmel/atmel toolchain/arm gcc/native/4.7.3.1029/arm-gnu-toolchain/bin/../lib/gcc/arm-none-eabi/4.7.3/armv7-m/crtbegin.o

.tm_clone_table
                0x004028ac        0x0
 .tm_clone_table
                0x004028ac        0x0 c:/program files (x86)/atmel/atmel toolchain/arm gcc/native/4.7.3.1029/arm-gnu-toolchain/bin/../lib/gcc/arm-none-eabi/4.7.3/armv7-m/crtbegin.o
 .tm_clone_table
                0x004028ac        0x0 c:/program files (x86)/atmel/atmel toolchain/arm gcc/native/4.7.3.1029/arm-gnu-toolchain/bin/../lib/gcc/arm-none-eabi/4.7.3/armv7-m/crtend.o

.igot.plt       0x004028ac        0x0
 .igot.plt      0x00000000        0x0 c:/program files (x86)/atmel/atmel toolchain/arm gcc/native/4.7.3.1029/arm-gnu-toolchain/bin/../lib/gcc/arm-none-eabi/4.7.3/armv7-m/crtbegin.o

.ARM.exidx
 *(.ARM.exidx* .gnu.linkonce.armexidx.*)
                0x004028ac                PROVIDE (__exidx_end, .)
                0x004028ac                . = ALIGN (0x4)
                0x004028ac                _etext = .

.relocate       0x20000000      0x898 load address 0x004028ac
                0x20000000                . = ALIGN (0x4)
                0x20000000                _srelocate = .
 *(.ramfunc .ramfunc.*)
 .ramfunc       0x20000000       0x3c arduino/Reset.o
                0x20000000                banzai
 *(.data .data.*)
 .data          0x2000003c        0x4 arduino/Reset.o
 .data          0x20000040        0xc arduino/USB/CDC.o
                0x20000048                _serialPeek
 .data          0x2000004c        0x4 Arduino_Due_Atmel_Studio_SAM3S.o
                0x2000004c                led
 .data          0x20000050        0x4 cmsis/src/system_sam3s.o
                0x20000050                SystemCoreClock
 .data          0x20000054        0x4 libsam/source/interrupt_sam_nvic.o
                0x20000054                g_interrupt_enabled
 .data          0x20000058      0x430 c:/program files (x86)/atmel/atmel toolchain/arm gcc/native/4.7.3.1029/arm-gnu-toolchain/bin/../lib/gcc/arm-none-eabi/4.7.3/../../../../arm-none-eabi/lib/armv7-m\libc.a(lib_a-impure.o)
                0x20000058                _impure_ptr
 .data          0x20000488      0x410 c:/program files (x86)/atmel/atmel toolchain/arm gcc/native/4.7.3.1029/arm-gnu-toolchain/bin/../lib/gcc/arm-none-eabi/4.7.3/../../../../arm-none-eabi/lib/armv7-m\libc.a(lib_a-mallocr.o)
                0x20000488                __malloc_av_
                0x20000890                __malloc_sbrk_base
                0x20000894                __malloc_trim_threshold
                0x20000898                . = ALIGN (0x4)
                0x20000898                _erelocate = .

.bss            0x20000898      0x510 load address 0x00403144
                0x20000898                . = ALIGN (0x4)
                0x20000898                _sbss = .
                0x20000898                _szero = .
 *(.bss .bss.*)
 .bss           0x20000898       0x1c c:/program files (x86)/atmel/atmel toolchain/arm gcc/native/4.7.3.1029/arm-gnu-toolchain/bin/../lib/gcc/arm-none-eabi/4.7.3/armv7-m/crtbegin.o
 .bss           0x200008b4        0x8 arduino/IPAddress.o
 .bss           0x200008bc        0x4 arduino/syscalls_sam3.o
 .bss           0x200008c0      0x220 arduino/USB/CDC.o
                0x200008c0                cdc_rx_buffer
                0x20000acc                SerialUSB
 .bss           0x20000ae0       0x20 arduino/USB/USBCore.o
                0x20000ae0                _usbConfiguration
                0x20000ae4                _cmark
                0x20000ae8                _cend
                0x20000af0                _cdcComposite
                0x20000af4                _usbSetInterface
                0x20000af8                _usbInitialized
                0x20000afc                USBDevice
                0x20000afd                RxLEDPulse
                0x20000afe                TxLEDPulse
 .bss           0x20000b00      0x104 arduino/WInterrupts.o
 .bss           0x20000c04       0x30 arduino/wiring_analog.o
                0x20000c04                analog_reference
 .bss           0x20000c34        0x4 libsam/source/timetick.o
 .bss           0x20000c38      0x138 variants/variant.o
                0x20000c38                Serial
                0x20000c58                Serial2
                0x20000c78                Serial1
                0x20000c98                rx_buffer1
                0x20000ce0                rx_buffer3
                0x20000d28                rx_buffer2
 .bss           0x20000d70       0x34 c:/program files (x86)/atmel/atmel toolchain/arm gcc/native/4.7.3.1029/arm-gnu-toolchain/bin/../lib/gcc/arm-none-eabi/4.7.3/../../../../arm-none-eabi/lib/armv7-m\libc.a(lib_a-mallocr.o)
                0x20000d70                __malloc_top_pad
                0x20000d74                __malloc_current_mallinfo
                0x20000d9c                __malloc_max_sbrked_mem
                0x20000da0                __malloc_max_total_mem
 *(COMMON)
 COMMON         0x20000da4        0x4 c:/program files (x86)/atmel/atmel toolchain/arm gcc/native/4.7.3.1029/arm-gnu-toolchain/bin/../lib/gcc/arm-none-eabi/4.7.3/../../../../arm-none-eabi/lib/armv7-m\libc.a(lib_a-reent.o)
                0x20000da4                errno
                0x20000da8                . = ALIGN (0x4)
                0x20000da8                _ebss = .
                0x20000da8                _ezero = .

.stack          0x20000da8     0x3000 load address 0x00403654
                0x20000da8                . = ALIGN (0x8)
                0x20000da8                _sstack = .
                0x20003da8                . = (. + STACK_SIZE)
 *fill*         0x20000da8     0x3000 00
                0x20003da8                . = ALIGN (0x8)
                0x20003da8                _estack = .
                0x20003da8                . = ALIGN (0x4)
                0x20003da8                _end = .
OUTPUT(Arduino_Due_Atmel_Studio_SAM3S.elf elf32-littlearm)

.ARM.attributes
                0x00000000       0x29
 .ARM.attributes
                0x00000000       0x1d c:/program files (x86)/atmel/atmel toolchain/arm gcc/native/4.7.3.1029/arm-gnu-toolchain/bin/../lib/gcc/arm-none-eabi/4.7.3/armv7-m/crti.o
 .ARM.attributes
                0x0000001d       0x2d c:/program files (x86)/atmel/atmel toolchain/arm gcc/native/4.7.3.1029/arm-gnu-toolchain/bin/../lib/gcc/arm-none-eabi/4.7.3/armv7-m/crtbegin.o
 .ARM.attributes
                0x0000004a       0x33 arduino/cortex_handlers.o
 .ARM.attributes
                0x0000007d       0x33 arduino/hooks.o
 .ARM.attributes
                0x000000b0       0x33 arduino/IPAddress.o
 .ARM.attributes
                0x000000e3       0x33 arduino/Print.o
 .ARM.attributes
                0x00000116       0x33 arduino/Reset.o
 .ARM.attributes
                0x00000149       0x33 arduino/RingBuffer.o
 .ARM.attributes
                0x0000017c       0x33 arduino/syscalls_sam3.o
 .ARM.attributes
                0x000001af       0x33 arduino/UARTClass.o
 .ARM.attributes
                0x000001e2       0x33 arduino/USARTClass.o
 .ARM.attributes
                0x00000215       0x33 arduino/USB/CDC.o
 .ARM.attributes
                0x00000248       0x33 arduino/USB/USBCore.o
 .ARM.attributes
                0x0000027b       0x33 arduino/WInterrupts.o
 .ARM.attributes
                0x000002ae       0x33 arduino/wiring.o
 .ARM.attributes
                0x000002e1       0x33 arduino/wiring_analog.o
 .ARM.attributes
                0x00000314       0x33 arduino/wiring_digital.o
 .ARM.attributes
                0x00000347       0x33 Arduino_Due_Atmel_Studio_SAM3S.o
 .ARM.attributes
                0x0000037a       0x33 cmsis/src/startup_sam3s.o
 .ARM.attributes
                0x000003ad       0x33 cmsis/src/system_sam3s.o
 .ARM.attributes
                0x000003e0       0x33 libsam/source/adc.o
 .ARM.attributes
                0x00000413       0x33 libsam/source/interrupt_sam_nvic.o
 .ARM.attributes
                0x00000446       0x33 libsam/source/pio.o
 .ARM.attributes
                0x00000479       0x33 libsam/source/pmc.o
 .ARM.attributes
                0x000004ac       0x33 libsam/source/timetick.o
 .ARM.attributes
                0x000004df       0x33 libsam/source/wdt.o
 .ARM.attributes
                0x00000512       0x33 variants/variant.o
 .ARM.attributes
                0x00000545       0x2d c:/program files (x86)/atmel/atmel toolchain/arm gcc/native/4.7.3.1029/arm-gnu-toolchain/bin/../lib/gcc/arm-none-eabi/4.7.3/../../../../arm-none-eabi/lib/armv7-m\libc.a(lib_a-__atexit.o)
 .ARM.attributes
                0x00000572       0x2d c:/program files (x86)/atmel/atmel toolchain/arm gcc/native/4.7.3.1029/arm-gnu-toolchain/bin/../lib/gcc/arm-none-eabi/4.7.3/../../../../arm-none-eabi/lib/armv7-m\libc.a(lib_a-fini.o)
 .ARM.attributes
                0x0000059f       0x2d c:/program files (x86)/atmel/atmel toolchain/arm gcc/native/4.7.3.1029/arm-gnu-toolchain/bin/../lib/gcc/arm-none-eabi/4.7.3/../../../../arm-none-eabi/lib/armv7-m\libc.a(lib_a-impure.o)
 .ARM.attributes
                0x000005cc       0x2d c:/program files (x86)/atmel/atmel toolchain/arm gcc/native/4.7.3.1029/arm-gnu-toolchain/bin/../lib/gcc/arm-none-eabi/4.7.3/../../../../arm-none-eabi/lib/armv7-m\libc.a(lib_a-init.o)
 .ARM.attributes
                0x000005f9       0x2d c:/program files (x86)/atmel/atmel toolchain/arm gcc/native/4.7.3.1029/arm-gnu-toolchain/bin/../lib/gcc/arm-none-eabi/4.7.3/../../../../arm-none-eabi/lib/armv7-m\libc.a(lib_a-malloc.o)
 .ARM.attributes
                0x00000626       0x2d c:/program files (x86)/atmel/atmel toolchain/arm gcc/native/4.7.3.1029/arm-gnu-toolchain/bin/../lib/gcc/arm-none-eabi/4.7.3/../../../../arm-none-eabi/lib/armv7-m\libc.a(lib_a-mallocr.o)
 .ARM.attributes
                0x00000653       0x2d c:/program files (x86)/atmel/atmel toolchain/arm gcc/native/4.7.3.1029/arm-gnu-toolchain/bin/../lib/gcc/arm-none-eabi/4.7.3/../../../../arm-none-eabi/lib/armv7-m\libc.a(lib_a-memset.o)
 .ARM.attributes
                0x00000680       0x2d c:/program files (x86)/atmel/atmel toolchain/arm gcc/native/4.7.3.1029/arm-gnu-toolchain/bin/../lib/gcc/arm-none-eabi/4.7.3/../../../../arm-none-eabi/lib/armv7-m\libc.a(lib_a-mlock.o)
 .ARM.attributes
                0x000006ad       0x2d c:/program files (x86)/atmel/atmel toolchain/arm gcc/native/4.7.3.1029/arm-gnu-toolchain/bin/../lib/gcc/arm-none-eabi/4.7.3/../../../../arm-none-eabi/lib/armv7-m\libc.a(lib_a-sbrkr.o)
 .ARM.attributes
                0x000006da       0x2d c:/program files (x86)/atmel/atmel toolchain/arm gcc/native/4.7.3.1029/arm-gnu-toolchain/bin/../lib/gcc/arm-none-eabi/4.7.3/../../../../arm-none-eabi/lib/armv7-m\libc.a(lib_a-strlen.o)
 .ARM.attributes
                0x00000707       0x2d c:/program files (x86)/atmel/atmel toolchain/arm gcc/native/4.7.3.1029/arm-gnu-toolchain/bin/../lib/gcc/arm-none-eabi/4.7.3/../../../../arm-none-eabi/lib/armv7-m\libc.a(lib_a-__call_atexit.o)
 .ARM.attributes
                0x00000734       0x2d c:/program files (x86)/atmel/atmel toolchain/arm gcc/native/4.7.3.1029/arm-gnu-toolchain/bin/../lib/gcc/arm-none-eabi/4.7.3/../../../../arm-none-eabi/lib/armv7-m\libc.a(lib_a-atexit.o)
 .ARM.attributes
                0x00000761       0x2d c:/program files (x86)/atmel/atmel toolchain/arm gcc/native/4.7.3.1029/arm-gnu-toolchain/bin/../lib/gcc/arm-none-eabi/4.7.3/../../../../arm-none-eabi/lib/armv7-m\libc.a(lib_a-freer.o)
 .ARM.attributes
                0x0000078e       0x2d c:/program files (x86)/atmel/atmel toolchain/arm gcc/native/4.7.3.1029/arm-gnu-toolchain/bin/../lib/gcc/arm-none-eabi/4.7.3/../../../../arm-none-eabi/lib/armv7-m\libc.a(lib_a-reent.o)
 .ARM.attributes
                0x000007bb       0x2d c:/program files (x86)/atmel/atmel toolchain/arm gcc/native/4.7.3.1029/arm-gnu-toolchain/bin/../lib/gcc/arm-none-eabi/4.7.3/armv7-m/crtend.o
 .ARM.attributes
                0x000007e8       0x1d c:/program files (x86)/atmel/atmel toolchain/arm gcc/native/4.7.3.1029/arm-gnu-toolchain/bin/../lib/gcc/arm-none-eabi/4.7.3/armv7-m/crtn.o

.comment        0x00000000       0x71
 .comment       0x00000000       0x71 c:/program files (x86)/atmel/atmel toolchain/arm gcc/native/4.7.3.1029/arm-gnu-toolchain/bin/../lib/gcc/arm-none-eabi/4.7.3/armv7-m/crtbegin.o
                                 0x72 (size before relaxing)
 .comment       0x00000000       0x72 arduino/cortex_handlers.o
 .comment       0x00000000       0x72 arduino/hooks.o
 .comment       0x00000000       0x72 arduino/IPAddress.o
 .comment       0x00000000       0x72 arduino/Print.o
 .comment       0x00000000       0x72 arduino/Reset.o
 .comment       0x00000000       0x72 arduino/RingBuffer.o
 .comment       0x00000000       0x72 arduino/syscalls_sam3.o
 .comment       0x00000000       0x72 arduino/UARTClass.o
 .comment       0x00000000       0x72 arduino/USARTClass.o
 .comment       0x00000000       0x72 arduino/USB/CDC.o
 .comment       0x00000000       0x72 arduino/USB/USBCore.o
 .comment       0x00000000       0x72 arduino/WInterrupts.o
 .comment       0x00000000       0x72 arduino/wiring.o
 .comment       0x00000000       0x72 arduino/wiring_analog.o
 .comment       0x00000000       0x72 arduino/wiring_digital.o
 .comment       0x00000000       0x72 Arduino_Due_Atmel_Studio_SAM3S.o
 .comment       0x00000000       0x72 cmsis/src/startup_sam3s.o
 .comment       0x00000000       0x72 cmsis/src/system_sam3s.o
 .comment       0x00000000       0x72 libsam/source/adc.o
 .comment       0x00000000       0x72 libsam/source/interrupt_sam_nvic.o
 .comment       0x00000000       0x72 libsam/source/pio.o
 .comment       0x00000000       0x72 libsam/source/pmc.o
 .comment       0x00000000       0x72 libsam/source/timetick.o
 .comment       0x00000000       0x72 libsam/source/wdt.o
 .comment       0x00000000       0x72 variants/variant.o
 .comment       0x00000000       0x72 c:/program files (x86)/atmel/atmel toolchain/arm gcc/native/4.7.3.1029/arm-gnu-toolchain/bin/../lib/gcc/arm-none-eabi/4.7.3/../../../../arm-none-eabi/lib/armv7-m\libc.a(lib_a-__atexit.o)
 .comment       0x00000000       0x72 c:/program files (x86)/atmel/atmel toolchain/arm gcc/native/4.7.3.1029/arm-gnu-toolchain/bin/../lib/gcc/arm-none-eabi/4.7.3/../../../../arm-none-eabi/lib/armv7-m\libc.a(lib_a-fini.o)
 .comment       0x00000000       0x72 c:/program files (x86)/atmel/atmel toolchain/arm gcc/native/4.7.3.1029/arm-gnu-toolchain/bin/../lib/gcc/arm-none-eabi/4.7.3/../../../../arm-none-eabi/lib/armv7-m\libc.a(lib_a-impure.o)
 .comment       0x00000000       0x72 c:/program files (x86)/atmel/atmel toolchain/arm gcc/native/4.7.3.1029/arm-gnu-toolchain/bin/../lib/gcc/arm-none-eabi/4.7.3/../../../../arm-none-eabi/lib/armv7-m\libc.a(lib_a-init.o)
 .comment       0x00000000       0x72 c:/program files (x86)/atmel/atmel toolchain/arm gcc/native/4.7.3.1029/arm-gnu-toolchain/bin/../lib/gcc/arm-none-eabi/4.7.3/../../../../arm-none-eabi/lib/armv7-m\libc.a(lib_a-malloc.o)
 .comment       0x00000000       0x72 c:/program files (x86)/atmel/atmel toolchain/arm gcc/native/4.7.3.1029/arm-gnu-toolchain/bin/../lib/gcc/arm-none-eabi/4.7.3/../../../../arm-none-eabi/lib/armv7-m\libc.a(lib_a-mallocr.o)
 .comment       0x00000000       0x72 c:/program files (x86)/atmel/atmel toolchain/arm gcc/native/4.7.3.1029/arm-gnu-toolchain/bin/../lib/gcc/arm-none-eabi/4.7.3/../../../../arm-none-eabi/lib/armv7-m\libc.a(lib_a-memset.o)
 .comment       0x00000000       0x72 c:/program files (x86)/atmel/atmel toolchain/arm gcc/native/4.7.3.1029/arm-gnu-toolchain/bin/../lib/gcc/arm-none-eabi/4.7.3/../../../../arm-none-eabi/lib/armv7-m\libc.a(lib_a-mlock.o)
 .comment       0x00000000       0x72 c:/program files (x86)/atmel/atmel toolchain/arm gcc/native/4.7.3.1029/arm-gnu-toolchain/bin/../lib/gcc/arm-none-eabi/4.7.3/../../../../arm-none-eabi/lib/armv7-m\libc.a(lib_a-sbrkr.o)
 .comment       0x00000000       0x72 c:/program files (x86)/atmel/atmel toolchain/arm gcc/native/4.7.3.1029/arm-gnu-toolchain/bin/../lib/gcc/arm-none-eabi/4.7.3/../../../../arm-none-eabi/lib/armv7-m\libc.a(lib_a-strlen.o)
 .comment       0x00000000       0x72 c:/program files (x86)/atmel/atmel toolchain/arm gcc/native/4.7.3.1029/arm-gnu-toolchain/bin/../lib/gcc/arm-none-eabi/4.7.3/../../../../arm-none-eabi/lib/armv7-m\libc.a(lib_a-__call_atexit.o)
 .comment       0x00000000       0x72 c:/program files (x86)/atmel/atmel toolchain/arm gcc/native/4.7.3.1029/arm-gnu-toolchain/bin/../lib/gcc/arm-none-eabi/4.7.3/../../../../arm-none-eabi/lib/armv7-m\libc.a(lib_a-atexit.o)
 .comment       0x00000000       0x72 c:/program files (x86)/atmel/atmel toolchain/arm gcc/native/4.7.3.1029/arm-gnu-toolchain/bin/../lib/gcc/arm-none-eabi/4.7.3/../../../../arm-none-eabi/lib/armv7-m\libc.a(lib_a-freer.o)
 .comment       0x00000000       0x72 c:/program files (x86)/atmel/atmel toolchain/arm gcc/native/4.7.3.1029/arm-gnu-toolchain/bin/../lib/gcc/arm-none-eabi/4.7.3/../../../../arm-none-eabi/lib/armv7-m\libc.a(lib_a-reent.o)
 .comment       0x00000000       0x72 c:/program files (x86)/atmel/atmel toolchain/arm gcc/native/4.7.3.1029/arm-gnu-toolchain/bin/../lib/gcc/arm-none-eabi/4.7.3/armv7-m/crtend.o

.debug_info     0x00000000    0x1a3a4
 .debug_info    0x00000000      0x1c0 arduino/cortex_handlers.o
 .debug_info    0x000001c0       0x72 arduino/hooks.o
 .debug_info    0x00000232      0x91f arduino/IPAddress.o
 .debug_info    0x00000b51     0x2443 arduino/Print.o
 .debug_info    0x00002f94      0x2d7 arduino/Reset.o
 .debug_info    0x0000326b      0x1c2 arduino/RingBuffer.o
 .debug_info    0x0000342d      0x64b arduino/syscalls_sam3.o
 .debug_info    0x00003a78     0x1e6a arduino/UARTClass.o
 .debug_info    0x000058e2     0x1f55 arduino/USARTClass.o
 .debug_info    0x00007837     0x227f arduino/USB/CDC.o
 .debug_info    0x00009ab6     0x154f arduino/USB/USBCore.o
 .debug_info    0x0000b005      0xf77 arduino/WInterrupts.o
 .debug_info    0x0000bf7c      0x43f arduino/wiring.o
 .debug_info    0x0000c3bb     0x1817 arduino/wiring_analog.o
 .debug_info    0x0000dbd2      0xa2d arduino/wiring_digital.o
 .debug_info    0x0000e5ff      0x22b Arduino_Due_Atmel_Studio_SAM3S.o
 .debug_info    0x0000e82a      0x630 cmsis/src/startup_sam3s.o
 .debug_info    0x0000ee5a      0x455 cmsis/src/system_sam3s.o
 .debug_info    0x0000f2af      0xf0e libsam/source/adc.o
 .debug_info    0x000101bd       0xad libsam/source/interrupt_sam_nvic.o
 .debug_info    0x0001026a      0x9f7 libsam/source/pio.o
 .debug_info    0x00010c61     0x10bc libsam/source/pmc.o
 .debug_info    0x00011d1d      0x6a5 libsam/source/timetick.o
 .debug_info    0x000123c2      0x1e9 libsam/source/wdt.o
 .debug_info    0x000125ab     0x17b7 variants/variant.o
 .debug_info    0x00013d62      0xa15 c:/program files (x86)/atmel/atmel toolchain/arm gcc/native/4.7.3.1029/arm-gnu-toolchain/bin/../lib/gcc/arm-none-eabi/4.7.3/../../../../arm-none-eabi/lib/armv7-m\libc.a(lib_a-__atexit.o)
 .debug_info    0x00014777       0xf7 c:/program files (x86)/atmel/atmel toolchain/arm gcc/native/4.7.3.1029/arm-gnu-toolchain/bin/../lib/gcc/arm-none-eabi/4.7.3/../../../../arm-none-eabi/lib/armv7-m\libc.a(lib_a-fini.o)
 .debug_info    0x0001486e      0x961 c:/program files (x86)/atmel/atmel toolchain/arm gcc/native/4.7.3.1029/arm-gnu-toolchain/bin/../lib/gcc/arm-none-eabi/4.7.3/../../../../arm-none-eabi/lib/armv7-m\libc.a(lib_a-impure.o)
 .debug_info    0x000151cf      0x110 c:/program files (x86)/atmel/atmel toolchain/arm gcc/native/4.7.3.1029/arm-gnu-toolchain/bin/../lib/gcc/arm-none-eabi/4.7.3/../../../../arm-none-eabi/lib/armv7-m\libc.a(lib_a-init.o)
 .debug_info    0x000152df      0x9f2 c:/program files (x86)/atmel/atmel toolchain/arm gcc/native/4.7.3.1029/arm-gnu-toolchain/bin/../lib/gcc/arm-none-eabi/4.7.3/../../../../arm-none-eabi/lib/armv7-m\libc.a(lib_a-malloc.o)
 .debug_info    0x00015cd1      0xe25 c:/program files (x86)/atmel/atmel toolchain/arm gcc/native/4.7.3.1029/arm-gnu-toolchain/bin/../lib/gcc/arm-none-eabi/4.7.3/../../../../arm-none-eabi/lib/armv7-m\libc.a(lib_a-mallocr.o)
 .debug_info    0x00016af6       0xd3 c:/program files (x86)/atmel/atmel toolchain/arm gcc/native/4.7.3.1029/arm-gnu-toolchain/bin/../lib/gcc/arm-none-eabi/4.7.3/../../../../arm-none-eabi/lib/armv7-m\libc.a(lib_a-memset.o)
 .debug_info    0x00016bc9      0x985 c:/program files (x86)/atmel/atmel toolchain/arm gcc/native/4.7.3.1029/arm-gnu-toolchain/bin/../lib/gcc/arm-none-eabi/4.7.3/../../../../arm-none-eabi/lib/armv7-m\libc.a(lib_a-mlock.o)
 .debug_info    0x0001754e      0x9cc c:/program files (x86)/atmel/atmel toolchain/arm gcc/native/4.7.3.1029/arm-gnu-toolchain/bin/../lib/gcc/arm-none-eabi/4.7.3/../../../../arm-none-eabi/lib/armv7-m\libc.a(lib_a-sbrkr.o)
 .debug_info    0x00017f1a       0xcd c:/program files (x86)/atmel/atmel toolchain/arm gcc/native/4.7.3.1029/arm-gnu-toolchain/bin/../lib/gcc/arm-none-eabi/4.7.3/../../../../arm-none-eabi/lib/armv7-m\libc.a(lib_a-strlen.o)
 .debug_info    0x00017fe7      0xa7c c:/program files (x86)/atmel/atmel toolchain/arm gcc/native/4.7.3.1029/arm-gnu-toolchain/bin/../lib/gcc/arm-none-eabi/4.7.3/../../../../arm-none-eabi/lib/armv7-m\libc.a(lib_a-__call_atexit.o)
 .debug_info    0x00018a63      0x10f c:/program files (x86)/atmel/atmel toolchain/arm gcc/native/4.7.3.1029/arm-gnu-toolchain/bin/../lib/gcc/arm-none-eabi/4.7.3/../../../../arm-none-eabi/lib/armv7-m\libc.a(lib_a-atexit.o)
 .debug_info    0x00018b72      0xd0f c:/program files (x86)/atmel/atmel toolchain/arm gcc/native/4.7.3.1029/arm-gnu-toolchain/bin/../lib/gcc/arm-none-eabi/4.7.3/../../../../arm-none-eabi/lib/armv7-m\libc.a(lib_a-freer.o)
 .debug_info    0x00019881      0xb23 c:/program files (x86)/atmel/atmel toolchain/arm gcc/native/4.7.3.1029/arm-gnu-toolchain/bin/../lib/gcc/arm-none-eabi/4.7.3/../../../../arm-none-eabi/lib/armv7-m\libc.a(lib_a-reent.o)

.debug_abbrev   0x00000000     0x4e38
 .debug_abbrev  0x00000000       0xd0 arduino/cortex_handlers.o
 .debug_abbrev  0x000000d0       0x4e arduino/hooks.o
 .debug_abbrev  0x0000011e      0x34a arduino/IPAddress.o
 .debug_abbrev  0x00000468      0x3c4 arduino/Print.o
 .debug_abbrev  0x0000082c      0x169 arduino/Reset.o
 .debug_abbrev  0x00000995      0x150 arduino/RingBuffer.o
 .debug_abbrev  0x00000ae5      0x1a7 arduino/syscalls_sam3.o
 .debug_abbrev  0x00000c8c      0x43f arduino/UARTClass.o
 .debug_abbrev  0x000010cb      0x43f arduino/USARTClass.o
 .debug_abbrev  0x0000150a      0x583 arduino/USB/CDC.o
 .debug_abbrev  0x00001a8d      0x562 arduino/USB/USBCore.o
 .debug_abbrev  0x00001fef      0x299 arduino/WInterrupts.o
 .debug_abbrev  0x00002288      0x177 arduino/wiring.o
 .debug_abbrev  0x000023ff      0x2ea arduino/wiring_analog.o
 .debug_abbrev  0x000026e9      0x191 arduino/wiring_digital.o
 .debug_abbrev  0x0000287a      0x12b Arduino_Due_Atmel_Studio_SAM3S.o
 .debug_abbrev  0x000029a5      0x149 cmsis/src/startup_sam3s.o
 .debug_abbrev  0x00002aee       0xf5 cmsis/src/system_sam3s.o
 .debug_abbrev  0x00002be3      0x1fc libsam/source/adc.o
 .debug_abbrev  0x00002ddf       0x5f libsam/source/interrupt_sam_nvic.o
 .debug_abbrev  0x00002e3e      0x1f6 libsam/source/pio.o
 .debug_abbrev  0x00003034      0x27d libsam/source/pmc.o
 .debug_abbrev  0x000032b1      0x1ef libsam/source/timetick.o
 .debug_abbrev  0x000034a0       0xf2 libsam/source/wdt.o
 .debug_abbrev  0x00003592      0x337 variants/variant.o
 .debug_abbrev  0x000038c9      0x1fe c:/program files (x86)/atmel/atmel toolchain/arm gcc/native/4.7.3.1029/arm-gnu-toolchain/bin/../lib/gcc/arm-none-eabi/4.7.3/../../../../arm-none-eabi/lib/armv7-m\libc.a(lib_a-__atexit.o)
 .debug_abbrev  0x00003ac7       0xbb c:/program files (x86)/atmel/atmel toolchain/arm gcc/native/4.7.3.1029/arm-gnu-toolchain/bin/../lib/gcc/arm-none-eabi/4.7.3/../../../../arm-none-eabi/lib/armv7-m\libc.a(lib_a-fini.o)
 .debug_abbrev  0x00003b82      0x160 c:/program files (x86)/atmel/atmel toolchain/arm gcc/native/4.7.3.1029/arm-gnu-toolchain/bin/../lib/gcc/arm-none-eabi/4.7.3/../../../../arm-none-eabi/lib/armv7-m\libc.a(lib_a-impure.o)
 .debug_abbrev  0x00003ce2       0xb8 c:/program files (x86)/atmel/atmel toolchain/arm gcc/native/4.7.3.1029/arm-gnu-toolchain/bin/../lib/gcc/arm-none-eabi/4.7.3/../../../../arm-none-eabi/lib/armv7-m\libc.a(lib_a-init.o)
 .debug_abbrev  0x00003d9a      0x1da c:/program files (x86)/atmel/atmel toolchain/arm gcc/native/4.7.3.1029/arm-gnu-toolchain/bin/../lib/gcc/arm-none-eabi/4.7.3/../../../../arm-none-eabi/lib/armv7-m\libc.a(lib_a-malloc.o)
 .debug_abbrev  0x00003f74      0x286 c:/program files (x86)/atmel/atmel toolchain/arm gcc/native/4.7.3.1029/arm-gnu-toolchain/bin/../lib/gcc/arm-none-eabi/4.7.3/../../../../arm-none-eabi/lib/armv7-m\libc.a(lib_a-mallocr.o)
 .debug_abbrev  0x000041fa       0x8c c:/program files (x86)/atmel/atmel toolchain/arm gcc/native/4.7.3.1029/arm-gnu-toolchain/bin/../lib/gcc/arm-none-eabi/4.7.3/../../../../arm-none-eabi/lib/armv7-m\libc.a(lib_a-memset.o)
 .debug_abbrev  0x00004286      0x17a c:/program files (x86)/atmel/atmel toolchain/arm gcc/native/4.7.3.1029/arm-gnu-toolchain/bin/../lib/gcc/arm-none-eabi/4.7.3/../../../../arm-none-eabi/lib/armv7-m\libc.a(lib_a-mlock.o)
 .debug_abbrev  0x00004400      0x1dd c:/program files (x86)/atmel/atmel toolchain/arm gcc/native/4.7.3.1029/arm-gnu-toolchain/bin/../lib/gcc/arm-none-eabi/4.7.3/../../../../arm-none-eabi/lib/armv7-m\libc.a(lib_a-sbrkr.o)
 .debug_abbrev  0x000045dd       0x8a c:/program files (x86)/atmel/atmel toolchain/arm gcc/native/4.7.3.1029/arm-gnu-toolchain/bin/../lib/gcc/arm-none-eabi/4.7.3/../../../../arm-none-eabi/lib/armv7-m\libc.a(lib_a-strlen.o)
 .debug_abbrev  0x00004667      0x265 c:/program files (x86)/atmel/atmel toolchain/arm gcc/native/4.7.3.1029/arm-gnu-toolchain/bin/../lib/gcc/arm-none-eabi/4.7.3/../../../../arm-none-eabi/lib/armv7-m\libc.a(lib_a-__call_atexit.o)
 .debug_abbrev  0x000048cc       0xb6 c:/program files (x86)/atmel/atmel toolchain/arm gcc/native/4.7.3.1029/arm-gnu-toolchain/bin/../lib/gcc/arm-none-eabi/4.7.3/../../../../arm-none-eabi/lib/armv7-m\libc.a(lib_a-atexit.o)
 .debug_abbrev  0x00004982      0x248 c:/program files (x86)/atmel/atmel toolchain/arm gcc/native/4.7.3.1029/arm-gnu-toolchain/bin/../lib/gcc/arm-none-eabi/4.7.3/../../../../arm-none-eabi/lib/armv7-m\libc.a(lib_a-freer.o)
 .debug_abbrev  0x00004bca      0x26e c:/program files (x86)/atmel/atmel toolchain/arm gcc/native/4.7.3.1029/arm-gnu-toolchain/bin/../lib/gcc/arm-none-eabi/4.7.3/../../../../arm-none-eabi/lib/armv7-m\libc.a(lib_a-reent.o)

.debug_loc      0x00000000     0x65c8
 .debug_loc     0x00000000       0x60 arduino/cortex_handlers.o
 .debug_loc     0x00000060      0x24d arduino/IPAddress.o
 .debug_loc     0x000002ad     0x13b7 arduino/Print.o
 .debug_loc     0x00001664       0x34 arduino/Reset.o
 .debug_loc     0x00001698       0x5e arduino/RingBuffer.o
 .debug_loc     0x000016f6      0x1d8 arduino/syscalls_sam3.o
 .debug_loc     0x000018ce      0x200 arduino/UARTClass.o
 .debug_loc     0x00001ace      0x200 arduino/USARTClass.o
 .debug_loc     0x00001cce      0x62b arduino/USB/CDC.o
 .debug_loc     0x000022f9      0xc63 arduino/USB/USBCore.o
 .debug_loc     0x00002f5c      0x269 arduino/WInterrupts.o
 .debug_loc     0x000031c5      0x174 arduino/wiring.o
 .debug_loc     0x00003339      0x5bb arduino/wiring_analog.o
 .debug_loc     0x000038f4      0x17d arduino/wiring_digital.o
 .debug_loc     0x00003a71       0x60 Arduino_Due_Atmel_Studio_SAM3S.o
 .debug_loc     0x00003ad1       0x20 cmsis/src/startup_sam3s.o
 .debug_loc     0x00003af1       0x3a cmsis/src/system_sam3s.o
 .debug_loc     0x00003b2b      0x7cb libsam/source/adc.o
 .debug_loc     0x000042f6      0x41b libsam/source/pio.o
 .debug_loc     0x00004711      0xb18 libsam/source/pmc.o
 .debug_loc     0x00005229      0x130 libsam/source/timetick.o
 .debug_loc     0x00005359       0x67 libsam/source/wdt.o
 .debug_loc     0x000053c0      0x152 variants/variant.o
 .debug_loc     0x00005512       0xfc c:/program files (x86)/atmel/atmel toolchain/arm gcc/native/4.7.3.1029/arm-gnu-toolchain/bin/../lib/gcc/arm-none-eabi/4.7.3/../../../../arm-none-eabi/lib/armv7-m\libc.a(lib_a-__atexit.o)
 .debug_loc     0x0000560e       0x33 c:/program files (x86)/atmel/atmel toolchain/arm gcc/native/4.7.3.1029/arm-gnu-toolchain/bin/../lib/gcc/arm-none-eabi/4.7.3/../../../../arm-none-eabi/lib/armv7-m\libc.a(lib_a-fini.o)
 .debug_loc     0x00005641       0x4a c:/program files (x86)/atmel/atmel toolchain/arm gcc/native/4.7.3.1029/arm-gnu-toolchain/bin/../lib/gcc/arm-none-eabi/4.7.3/../../../../arm-none-eabi/lib/armv7-m\libc.a(lib_a-init.o)
 .debug_loc     0x0000568b       0x58 c:/program files (x86)/atmel/atmel toolchain/arm gcc/native/4.7.3.1029/arm-gnu-toolchain/bin/../lib/gcc/arm-none-eabi/4.7.3/../../../../arm-none-eabi/lib/armv7-m\libc.a(lib_a-malloc.o)
 .debug_loc     0x000056e3      0x75e c:/program files (x86)/atmel/atmel toolchain/arm gcc/native/4.7.3.1029/arm-gnu-toolchain/bin/../lib/gcc/arm-none-eabi/4.7.3/../../../../arm-none-eabi/lib/armv7-m\libc.a(lib_a-mallocr.o)
 .debug_loc     0x00005e41       0x3f c:/program files (x86)/atmel/atmel toolchain/arm gcc/native/4.7.3.1029/arm-gnu-toolchain/bin/../lib/gcc/arm-none-eabi/4.7.3/../../../../arm-none-eabi/lib/armv7-m\libc.a(lib_a-memset.o)
 .debug_loc     0x00005e80       0x5f c:/program files (x86)/atmel/atmel toolchain/arm gcc/native/4.7.3.1029/arm-gnu-toolchain/bin/../lib/gcc/arm-none-eabi/4.7.3/../../../../arm-none-eabi/lib/armv7-m\libc.a(lib_a-sbrkr.o)
 .debug_loc     0x00005edf       0x21 c:/program files (x86)/atmel/atmel toolchain/arm gcc/native/4.7.3.1029/arm-gnu-toolchain/bin/../lib/gcc/arm-none-eabi/4.7.3/../../../../arm-none-eabi/lib/armv7-m\libc.a(lib_a-strlen.o)
 .debug_loc     0x00005f00      0x13b c:/program files (x86)/atmel/atmel toolchain/arm gcc/native/4.7.3.1029/arm-gnu-toolchain/bin/../lib/gcc/arm-none-eabi/4.7.3/../../../../arm-none-eabi/lib/armv7-m\libc.a(lib_a-__call_atexit.o)
 .debug_loc     0x0000603b       0x2c c:/program files (x86)/atmel/atmel toolchain/arm gcc/native/4.7.3.1029/arm-gnu-toolchain/bin/../lib/gcc/arm-none-eabi/4.7.3/../../../../arm-none-eabi/lib/armv7-m\libc.a(lib_a-atexit.o)
 .debug_loc     0x00006067      0x407 c:/program files (x86)/atmel/atmel toolchain/arm gcc/native/4.7.3.1029/arm-gnu-toolchain/bin/../lib/gcc/arm-none-eabi/4.7.3/../../../../arm-none-eabi/lib/armv7-m\libc.a(lib_a-freer.o)
 .debug_loc     0x0000646e      0x15a c:/program files (x86)/atmel/atmel toolchain/arm gcc/native/4.7.3.1029/arm-gnu-toolchain/bin/../lib/gcc/arm-none-eabi/4.7.3/../../../../arm-none-eabi/lib/armv7-m\libc.a(lib_a-reent.o)

.debug_aranges  0x00000000      0xc50
 .debug_aranges
                0x00000000       0x38 arduino/cortex_handlers.o
 .debug_aranges
                0x00000038       0x30 arduino/hooks.o
 .debug_aranges
                0x00000068       0x60 arduino/IPAddress.o
 .debug_aranges
                0x000000c8       0xe8 arduino/Print.o
 .debug_aranges
                0x000001b0       0x38 arduino/Reset.o
 .debug_aranges
                0x000001e8       0x28 arduino/RingBuffer.o
 .debug_aranges
                0x00000210       0x70 arduino/syscalls_sam3.o
 .debug_aranges
                0x00000280       0x68 arduino/UARTClass.o
 .debug_aranges
                0x000002e8       0x68 arduino/USARTClass.o
 .debug_aranges
                0x00000350       0x88 arduino/USB/CDC.o
 .debug_aranges
                0x000003d8       0xb8 arduino/USB/USBCore.o
 .debug_aranges
                0x00000490       0x38 arduino/WInterrupts.o
 .debug_aranges
                0x000004c8       0x30 arduino/wiring.o
 .debug_aranges
                0x000004f8       0x58 arduino/wiring_analog.o
 .debug_aranges
                0x00000550       0x30 arduino/wiring_digital.o
 .debug_aranges
                0x00000580       0x30 Arduino_Due_Atmel_Studio_SAM3S.o
 .debug_aranges
                0x000005b0       0x28 cmsis/src/startup_sam3s.o
 .debug_aranges
                0x000005d8       0x30 cmsis/src/system_sam3s.o
 .debug_aranges
                0x00000608      0x170 libsam/source/adc.o
 .debug_aranges
                0x00000778       0x18 libsam/source/interrupt_sam_nvic.o
 .debug_aranges
                0x00000790       0x70 libsam/source/pio.o
 .debug_aranges
                0x00000800      0x1b0 libsam/source/pmc.o
 .debug_aranges
                0x000009b0       0x40 libsam/source/timetick.o
 .debug_aranges
                0x000009f0       0x40 libsam/source/wdt.o
 .debug_aranges
                0x00000a30       0x60 variants/variant.o
 .debug_aranges
                0x00000a90       0x20 c:/program files (x86)/atmel/atmel toolchain/arm gcc/native/4.7.3.1029/arm-gnu-toolchain/bin/../lib/gcc/arm-none-eabi/4.7.3/../../../../arm-none-eabi/lib/armv7-m\libc.a(lib_a-__atexit.o)
 .debug_aranges
                0x00000ab0       0x20 c:/program files (x86)/atmel/atmel toolchain/arm gcc/native/4.7.3.1029/arm-gnu-toolchain/bin/../lib/gcc/arm-none-eabi/4.7.3/../../../../arm-none-eabi/lib/armv7-m\libc.a(lib_a-fini.o)
 .debug_aranges
                0x00000ad0       0x18 c:/program files (x86)/atmel/atmel toolchain/arm gcc/native/4.7.3.1029/arm-gnu-toolchain/bin/../lib/gcc/arm-none-eabi/4.7.3/../../../../arm-none-eabi/lib/armv7-m\libc.a(lib_a-impure.o)
 .debug_aranges
                0x00000ae8       0x20 c:/program files (x86)/atmel/atmel toolchain/arm gcc/native/4.7.3.1029/arm-gnu-toolchain/bin/../lib/gcc/arm-none-eabi/4.7.3/../../../../arm-none-eabi/lib/armv7-m\libc.a(lib_a-init.o)
 .debug_aranges
                0x00000b08       0x20 c:/program files (x86)/atmel/atmel toolchain/arm gcc/native/4.7.3.1029/arm-gnu-toolchain/bin/../lib/gcc/arm-none-eabi/4.7.3/../../../../arm-none-eabi/lib/armv7-m\libc.a(lib_a-malloc.o)
 .debug_aranges
                0x00000b28       0x20 c:/program files (x86)/atmel/atmel toolchain/arm gcc/native/4.7.3.1029/arm-gnu-toolchain/bin/../lib/gcc/arm-none-eabi/4.7.3/../../../../arm-none-eabi/lib/armv7-m\libc.a(lib_a-mallocr.o)
 .debug_aranges
                0x00000b48       0x20 c:/program files (x86)/atmel/atmel toolchain/arm gcc/native/4.7.3.1029/arm-gnu-toolchain/bin/../lib/gcc/arm-none-eabi/4.7.3/../../../../arm-none-eabi/lib/armv7-m\libc.a(lib_a-memset.o)
 .debug_aranges
                0x00000b68       0x20 c:/program files (x86)/atmel/atmel toolchain/arm gcc/native/4.7.3.1029/arm-gnu-toolchain/bin/../lib/gcc/arm-none-eabi/4.7.3/../../../../arm-none-eabi/lib/armv7-m\libc.a(lib_a-mlock.o)
 .debug_aranges
                0x00000b88       0x20 c:/program files (x86)/atmel/atmel toolchain/arm gcc/native/4.7.3.1029/arm-gnu-toolchain/bin/../lib/gcc/arm-none-eabi/4.7.3/../../../../arm-none-eabi/lib/armv7-m\libc.a(lib_a-sbrkr.o)
 .debug_aranges
                0x00000ba8       0x20 c:/program files (x86)/atmel/atmel toolchain/arm gcc/native/4.7.3.1029/arm-gnu-toolchain/bin/../lib/gcc/arm-none-eabi/4.7.3/../../../../arm-none-eabi/lib/armv7-m\libc.a(lib_a-strlen.o)
 .debug_aranges
                0x00000bc8       0x28 c:/program files (x86)/atmel/atmel toolchain/arm gcc/native/4.7.3.1029/arm-gnu-toolchain/bin/../lib/gcc/arm-none-eabi/4.7.3/../../../../arm-none-eabi/lib/armv7-m\libc.a(lib_a-__call_atexit.o)
 .debug_aranges
                0x00000bf0       0x20 c:/program files (x86)/atmel/atmel toolchain/arm gcc/native/4.7.3.1029/arm-gnu-toolchain/bin/../lib/gcc/arm-none-eabi/4.7.3/../../../../arm-none-eabi/lib/armv7-m\libc.a(lib_a-atexit.o)
 .debug_aranges
                0x00000c10       0x20 c:/program files (x86)/atmel/atmel toolchain/arm gcc/native/4.7.3.1029/arm-gnu-toolchain/bin/../lib/gcc/arm-none-eabi/4.7.3/../../../../arm-none-eabi/lib/armv7-m\libc.a(lib_a-freer.o)
 .debug_aranges
                0x00000c30       0x20 c:/program files (x86)/atmel/atmel toolchain/arm gcc/native/4.7.3.1029/arm-gnu-toolchain/bin/../lib/gcc/arm-none-eabi/4.7.3/../../../../arm-none-eabi/lib/armv7-m\libc.a(lib_a-reent.o)

.debug_ranges   0x00000000      0xa90
 .debug_ranges  0x00000000       0x28 arduino/cortex_handlers.o
 .debug_ranges  0x00000028       0x20 arduino/hooks.o
 .debug_ranges  0x00000048       0x50 arduino/IPAddress.o
 .debug_ranges  0x00000098      0x148 arduino/Print.o
 .debug_ranges  0x000001e0       0x28 arduino/Reset.o
 .debug_ranges  0x00000208       0x18 arduino/RingBuffer.o
 .debug_ranges  0x00000220       0x60 arduino/syscalls_sam3.o
 .debug_ranges  0x00000280       0x58 arduino/UARTClass.o
 .debug_ranges  0x000002d8       0x58 arduino/USARTClass.o
 .debug_ranges  0x00000330       0xd8 arduino/USB/CDC.o
 .debug_ranges  0x00000408      0x120 arduino/USB/USBCore.o
 .debug_ranges  0x00000528       0x28 arduino/WInterrupts.o
 .debug_ranges  0x00000550       0x20 arduino/wiring.o
 .debug_ranges  0x00000570       0x48 arduino/wiring_analog.o
 .debug_ranges  0x000005b8       0x20 arduino/wiring_digital.o
 .debug_ranges  0x000005d8       0x20 Arduino_Due_Atmel_Studio_SAM3S.o
 .debug_ranges  0x000005f8       0x18 cmsis/src/startup_sam3s.o
 .debug_ranges  0x00000610       0x20 cmsis/src/system_sam3s.o
 .debug_ranges  0x00000630      0x160 libsam/source/adc.o
 .debug_ranges  0x00000790       0x60 libsam/source/pio.o
 .debug_ranges  0x000007f0      0x1a0 libsam/source/pmc.o
 .debug_ranges  0x00000990       0x30 libsam/source/timetick.o
 .debug_ranges  0x000009c0       0x30 libsam/source/wdt.o
 .debug_ranges  0x000009f0       0x50 variants/variant.o
 .debug_ranges  0x00000a40       0x50 c:/program files (x86)/atmel/atmel toolchain/arm gcc/native/4.7.3.1029/arm-gnu-toolchain/bin/../lib/gcc/arm-none-eabi/4.7.3/../../../../arm-none-eabi/lib/armv7-m\libc.a(lib_a-__call_atexit.o)

.debug_macro    0x00000000    0x14dd3
 .debug_macro   0x00000000      0x5a1 arduino/cortex_handlers.o
 .debug_macro   0x000005a1       0x3a arduino/cortex_handlers.o
 .debug_macro   0x000005db       0x10 arduino/cortex_handlers.o
 .debug_macro   0x000005eb       0x2e arduino/cortex_handlers.o
 .debug_macro   0x00000619       0xa3 arduino/cortex_handlers.o
 .debug_macro   0x000006bc      0x20e arduino/cortex_handlers.o
 .debug_macro   0x000008ca       0x10 arduino/cortex_handlers.o
 .debug_macro   0x000008da      0x100 arduino/cortex_handlers.o
 .debug_macro   0x000009da       0x3a arduino/cortex_handlers.o
 .debug_macro   0x00000a14       0x52 arduino/cortex_handlers.o
 .debug_macro   0x00000a66       0x19 arduino/cortex_handlers.o
 .debug_macro   0x00000a7f      0x16d arduino/cortex_handlers.o
 .debug_macro   0x00000bec       0x16 arduino/cortex_handlers.o
 .debug_macro   0x00000c02       0x29 arduino/cortex_handlers.o
 .debug_macro   0x00000c2b       0x10 arduino/cortex_handlers.o
 .debug_macro   0x00000c3b       0x12 arduino/cortex_handlers.o
 .debug_macro   0x00000c4d       0x1c arduino/cortex_handlers.o
 .debug_macro   0x00000c69      0x1da arduino/cortex_handlers.o
 .debug_macro   0x00000e43       0x10 arduino/cortex_handlers.o
 .debug_macro   0x00000e53       0x12 arduino/cortex_handlers.o
 .debug_macro   0x00000e65      0x447 arduino/cortex_handlers.o
 .debug_macro   0x000012ac       0x8e arduino/cortex_handlers.o
 .debug_macro   0x0000133a      0xd80 arduino/cortex_handlers.o
 .debug_macro   0x000020ba      0x183 arduino/cortex_handlers.o
 .debug_macro   0x0000223d       0x26 arduino/cortex_handlers.o
 .debug_macro   0x00002263       0x3a arduino/cortex_handlers.o
 .debug_macro   0x0000229d       0x2d arduino/cortex_handlers.o
 .debug_macro   0x000022ca      0xbb1 arduino/cortex_handlers.o
 .debug_macro   0x00002e7b      0x154 arduino/cortex_handlers.o
 .debug_macro   0x00002fcf      0x92c arduino/cortex_handlers.o
 .debug_macro   0x000038fb      0x283 arduino/cortex_handlers.o
 .debug_macro   0x00003b7e       0xac arduino/cortex_handlers.o
 .debug_macro   0x00003c2a      0x34a arduino/cortex_handlers.o
 .debug_macro   0x00003f74       0xd6 arduino/cortex_handlers.o
 .debug_macro   0x0000404a       0x1c arduino/cortex_handlers.o
 .debug_macro   0x00004066      0x2c4 arduino/cortex_handlers.o
 .debug_macro   0x0000432a       0xbe arduino/cortex_handlers.o
 .debug_macro   0x000043e8     0x265d arduino/cortex_handlers.o
 .debug_macro   0x00006a45      0x707 arduino/cortex_handlers.o
 .debug_macro   0x0000714c      0xa72 arduino/cortex_handlers.o
 .debug_macro   0x00007bbe       0x7c arduino/cortex_handlers.o
 .debug_macro   0x00007c3a      0x27e arduino/cortex_handlers.o
 .debug_macro   0x00007eb8       0x58 arduino/cortex_handlers.o
 .debug_macro   0x00007f10      0x378 arduino/cortex_handlers.o
 .debug_macro   0x00008288      0x616 arduino/cortex_handlers.o
 .debug_macro   0x0000889e      0x5d3 arduino/cortex_handlers.o
 .debug_macro   0x00008e71      0x590 arduino/cortex_handlers.o
 .debug_macro   0x00009401      0x33f arduino/cortex_handlers.o
 .debug_macro   0x00009740      0x27e arduino/cortex_handlers.o
 .debug_macro   0x000099be      0x2c8 arduino/cortex_handlers.o
 .debug_macro   0x00009c86      0x6ca arduino/cortex_handlers.o
 .debug_macro   0x0000a350       0x76 arduino/cortex_handlers.o
 .debug_macro   0x0000a3c6       0xb2 arduino/cortex_handlers.o
 .debug_macro   0x0000a478       0x88 arduino/cortex_handlers.o
 .debug_macro   0x0000a500      0x100 arduino/cortex_handlers.o
 .debug_macro   0x0000a600       0x88 arduino/cortex_handlers.o
 .debug_macro   0x0000a688       0x88 arduino/cortex_handlers.o
 .debug_macro   0x0000a710      0x2cd arduino/cortex_handlers.o
 .debug_macro   0x0000a9dd       0xb2 arduino/cortex_handlers.o
 .debug_macro   0x0000aa8f       0x52 arduino/cortex_handlers.o
 .debug_macro   0x0000aae1       0xa6 arduino/cortex_handlers.o
 .debug_macro   0x0000ab87       0x7c arduino/cortex_handlers.o
 .debug_macro   0x0000ac03       0x40 arduino/cortex_handlers.o
 .debug_macro   0x0000ac43       0x64 arduino/cortex_handlers.o
 .debug_macro   0x0000aca7       0x4c arduino/cortex_handlers.o
 .debug_macro   0x0000acf3       0xa6 arduino/cortex_handlers.o
 .debug_macro   0x0000ad99       0x7c arduino/cortex_handlers.o
 .debug_macro   0x0000ae15       0x16 arduino/cortex_handlers.o
 .debug_macro   0x0000ae2b       0x7c arduino/cortex_handlers.o
 .debug_macro   0x0000aea7       0x22 arduino/cortex_handlers.o
 .debug_macro   0x0000aec9      0x14e arduino/cortex_handlers.o
 .debug_macro   0x0000b017      0x11e arduino/cortex_handlers.o
 .debug_macro   0x0000b135       0x1c arduino/cortex_handlers.o
 .debug_macro   0x0000b151       0x2e arduino/cortex_handlers.o
 .debug_macro   0x0000b17f       0x22 arduino/cortex_handlers.o
 .debug_macro   0x0000b1a1       0x1c arduino/cortex_handlers.o
 .debug_macro   0x0000b1bd       0x52 arduino/cortex_handlers.o
 .debug_macro   0x0000b20f       0x10 arduino/cortex_handlers.o
 .debug_macro   0x0000b21f      0x1bd arduino/cortex_handlers.o
 .debug_macro   0x0000b3dc      0x4c6 arduino/cortex_handlers.o
 .debug_macro   0x0000b8a2       0xf2 arduino/cortex_handlers.o
 .debug_macro   0x0000b994       0x10 arduino/cortex_handlers.o
 .debug_macro   0x0000b9a4       0x2e arduino/cortex_handlers.o
 .debug_macro   0x0000b9d2       0x16 arduino/cortex_handlers.o
 .debug_macro   0x0000b9e8       0x44 arduino/cortex_handlers.o
 .debug_macro   0x0000ba2c       0x76 arduino/cortex_handlers.o
 .debug_macro   0x0000baa2       0x52 arduino/cortex_handlers.o
 .debug_macro   0x0000baf4       0x58 arduino/cortex_handlers.o
 .debug_macro   0x0000bb4c       0x34 arduino/cortex_handlers.o
 .debug_macro   0x0000bb80       0x3a arduino/cortex_handlers.o
 .debug_macro   0x0000bbba       0x22 arduino/cortex_handlers.o
 .debug_macro   0x0000bbdc       0x70 arduino/cortex_handlers.o
 .debug_macro   0x0000bc4c       0x1c arduino/cortex_handlers.o
 .debug_macro   0x0000bc68       0x4c arduino/cortex_handlers.o
 .debug_macro   0x0000bcb4       0xef arduino/cortex_handlers.o
 .debug_macro   0x0000bda3       0x28 arduino/cortex_handlers.o
 .debug_macro   0x0000bdcb       0xdc arduino/cortex_handlers.o
 .debug_macro   0x0000bea7       0x51 arduino/cortex_handlers.o
 .debug_macro   0x0000bef8       0x16 arduino/cortex_handlers.o
 .debug_macro   0x0000bf0e       0x16 arduino/cortex_handlers.o
 .debug_macro   0x0000bf24       0x10 arduino/cortex_handlers.o
 .debug_macro   0x0000bf34       0x10 arduino/cortex_handlers.o
 .debug_macro   0x0000bf44       0x85 arduino/cortex_handlers.o
 .debug_macro   0x0000bfc9       0x22 arduino/cortex_handlers.o
 .debug_macro   0x0000bfeb       0x91 arduino/cortex_handlers.o
 .debug_macro   0x0000c07c       0x16 arduino/cortex_handlers.o
 .debug_macro   0x0000c092      0x16d arduino/cortex_handlers.o
 .debug_macro   0x0000c1ff       0x52 arduino/cortex_handlers.o
 .debug_macro   0x0000c251       0x10 arduino/cortex_handlers.o
 .debug_macro   0x0000c261       0x16 arduino/cortex_handlers.o
 .debug_macro   0x0000c277       0x35 arduino/cortex_handlers.o
 .debug_macro   0x0000c2ac       0x34 arduino/cortex_handlers.o
 .debug_macro   0x0000c2e0      0x120 arduino/cortex_handlers.o
 .debug_macro   0x0000c400      0x191 arduino/cortex_handlers.o
 .debug_macro   0x0000c591       0x20 arduino/cortex_handlers.o
 .debug_macro   0x0000c5b1       0x7c arduino/cortex_handlers.o
 .debug_macro   0x0000c62d      0x67c arduino/cortex_handlers.o
 .debug_macro   0x0000cca9       0x11 arduino/hooks.o
 .debug_macro   0x0000ccba      0x644 arduino/IPAddress.o
 .debug_macro   0x0000d2fe       0xa2 arduino/IPAddress.o
 .debug_macro   0x0000d3a0      0x1cc arduino/IPAddress.o
 .debug_macro   0x0000d56c      0xbb1 arduino/IPAddress.o
 .debug_macro   0x0000e11d       0x52 arduino/IPAddress.o
 .debug_macro   0x0000e16f       0x10 arduino/IPAddress.o
 .debug_macro   0x0000e17f       0x10 arduino/IPAddress.o
 .debug_macro   0x0000e18f       0x85 arduino/IPAddress.o
 .debug_macro   0x0000e214       0x1c arduino/IPAddress.o
 .debug_macro   0x0000e230       0x10 arduino/IPAddress.o
 .debug_macro   0x0000e240       0x35 arduino/IPAddress.o
 .debug_macro   0x0000e275      0x101 arduino/IPAddress.o
 .debug_macro   0x0000e376      0x630 arduino/Print.o
 .debug_macro   0x0000e9a6      0x214 arduino/Print.o
 .debug_macro   0x0000ebba      0x651 arduino/Reset.o
 .debug_macro   0x0000f20b       0xde arduino/RingBuffer.o
 .debug_macro   0x0000f2e9      0x3a7 arduino/syscalls_sam3.o
 .debug_macro   0x0000f690       0x10 arduino/syscalls_sam3.o
 .debug_macro   0x0000f6a0       0xf5 arduino/syscalls_sam3.o
 .debug_macro   0x0000f795       0x20 arduino/syscalls_sam3.o
 .debug_macro   0x0000f7b5      0x4ff arduino/UARTClass.o
 .debug_macro   0x0000fcb4       0x94 arduino/UARTClass.o
 .debug_macro   0x0000fd48      0x4ff arduino/USARTClass.o
 .debug_macro   0x00010247      0x65c arduino/USB/CDC.o
 .debug_macro   0x000108a3      0x6aa arduino/USB/USBCore.o
 .debug_macro   0x00010f4d      0x597 arduino/WInterrupts.o
 .debug_macro   0x000114e4      0x597 arduino/wiring.o
 .debug_macro   0x00011a7b      0x597 arduino/wiring_analog.o
 .debug_macro   0x00012012      0x597 arduino/wiring_digital.o
 .debug_macro   0x000125a9      0x63a Arduino_Due_Atmel_Studio_SAM3S.o
 .debug_macro   0x00012be3       0x16 Arduino_Due_Atmel_Studio_SAM3S.o
 .debug_macro   0x00012bf9      0x2b4 cmsis/src/startup_sam3s.o
 .debug_macro   0x00012ead      0x2c6 cmsis/src/system_sam3s.o
 .debug_macro   0x00013173      0x3a5 libsam/source/adc.o
 .debug_macro   0x00013518      0x3af libsam/source/interrupt_sam_nvic.o
 .debug_macro   0x000138c7       0x3e libsam/source/interrupt_sam_nvic.o
 .debug_macro   0x00013905      0x3a5 libsam/source/pio.o
 .debug_macro   0x00013caa      0x3ab libsam/source/pmc.o
 .debug_macro   0x00014055      0x3a5 libsam/source/timetick.o
 .debug_macro   0x000143fa      0x3a5 libsam/source/wdt.o
 .debug_macro   0x0001479f      0x634 variants/variant.o

.debug_line     0x00000000    0x132d8
 .debug_line    0x00000000      0xc1d arduino/cortex_handlers.o
 .debug_line    0x00000c1d       0x61 arduino/hooks.o
 .debug_line    0x00000c7e      0xd15 arduino/IPAddress.o
 .debug_line    0x00001993      0xedc arduino/Print.o
 .debug_line    0x0000286f      0xcbd arduino/Reset.o
 .debug_line    0x0000352c      0x395 arduino/RingBuffer.o
 .debug_line    0x000038c1      0xa17 arduino/syscalls_sam3.o
 .debug_line    0x000042d8      0xc11 arduino/UARTClass.o
 .debug_line    0x00004ee9      0xc13 arduino/USARTClass.o
 .debug_line    0x00005afc      0xde3 arduino/USB/CDC.o
 .debug_line    0x000068df      0xf30 arduino/USB/USBCore.o
 .debug_line    0x0000780f      0xc47 arduino/WInterrupts.o
 .debug_line    0x00008456      0xc03 arduino/wiring.o
 .debug_line    0x00009059      0xca6 arduino/wiring_analog.o
 .debug_line    0x00009cff      0xbe9 arduino/wiring_digital.o
 .debug_line    0x0000a8e8      0xcc1 Arduino_Due_Atmel_Studio_SAM3S.o
 .debug_line    0x0000b5a9      0x84e cmsis/src/startup_sam3s.o
 .debug_line    0x0000bdf7      0x894 cmsis/src/system_sam3s.o
 .debug_line    0x0000c68b      0xd08 libsam/source/adc.o
 .debug_line    0x0000d393      0x9a7 libsam/source/interrupt_sam_nvic.o
 .debug_line    0x0000dd3a      0xaa3 libsam/source/pio.o
 .debug_line    0x0000e7dd      0xe95 libsam/source/pmc.o
 .debug_line    0x0000f672      0xa29 libsam/source/timetick.o
 .debug_line    0x0001009b      0x9f1 libsam/source/wdt.o
 .debug_line    0x00010a8c      0xd4e variants/variant.o
 .debug_line    0x000117da      0x235 c:/program files (x86)/atmel/atmel toolchain/arm gcc/native/4.7.3.1029/arm-gnu-toolchain/bin/../lib/gcc/arm-none-eabi/4.7.3/../../../../arm-none-eabi/lib/armv7-m\libc.a(lib_a-__atexit.o)
 .debug_line    0x00011a0f      0x123 c:/program files (x86)/atmel/atmel toolchain/arm gcc/native/4.7.3.1029/arm-gnu-toolchain/bin/../lib/gcc/arm-none-eabi/4.7.3/../../../../arm-none-eabi/lib/armv7-m\libc.a(lib_a-fini.o)
 .debug_line    0x00011b32      0x183 c:/program files (x86)/atmel/atmel toolchain/arm gcc/native/4.7.3.1029/arm-gnu-toolchain/bin/../lib/gcc/arm-none-eabi/4.7.3/../../../../arm-none-eabi/lib/armv7-m\libc.a(lib_a-impure.o)
 .debug_line    0x00011cb5      0x135 c:/program files (x86)/atmel/atmel toolchain/arm gcc/native/4.7.3.1029/arm-gnu-toolchain/bin/../lib/gcc/arm-none-eabi/4.7.3/../../../../arm-none-eabi/lib/armv7-m\libc.a(lib_a-init.o)
 .debug_line    0x00011dea      0x207 c:/program files (x86)/atmel/atmel toolchain/arm gcc/native/4.7.3.1029/arm-gnu-toolchain/bin/../lib/gcc/arm-none-eabi/4.7.3/../../../../arm-none-eabi/lib/armv7-m\libc.a(lib_a-malloc.o)
 .debug_line    0x00011ff1      0x3ac c:/program files (x86)/atmel/atmel toolchain/arm gcc/native/4.7.3.1029/arm-gnu-toolchain/bin/../lib/gcc/arm-none-eabi/4.7.3/../../../../arm-none-eabi/lib/armv7-m\libc.a(lib_a-mallocr.o)
 .debug_line    0x0001239d      0x18d c:/program files (x86)/atmel/atmel toolchain/arm gcc/native/4.7.3.1029/arm-gnu-toolchain/bin/../lib/gcc/arm-none-eabi/4.7.3/../../../../arm-none-eabi/lib/armv7-m\libc.a(lib_a-memset.o)
 .debug_line    0x0001252a      0x195 c:/program files (x86)/atmel/atmel toolchain/arm gcc/native/4.7.3.1029/arm-gnu-toolchain/bin/../lib/gcc/arm-none-eabi/4.7.3/../../../../arm-none-eabi/lib/armv7-m\libc.a(lib_a-mlock.o)
 .debug_line    0x000126bf      0x206 c:/program files (x86)/atmel/atmel toolchain/arm gcc/native/4.7.3.1029/arm-gnu-toolchain/bin/../lib/gcc/arm-none-eabi/4.7.3/../../../../arm-none-eabi/lib/armv7-m\libc.a(lib_a-sbrkr.o)
 .debug_line    0x000128c5      0x184 c:/program files (x86)/atmel/atmel toolchain/arm gcc/native/4.7.3.1029/arm-gnu-toolchain/bin/../lib/gcc/arm-none-eabi/4.7.3/../../../../arm-none-eabi/lib/armv7-m\libc.a(lib_a-strlen.o)
 .debug_line    0x00012a49      0x270 c:/program files (x86)/atmel/atmel toolchain/arm gcc/native/4.7.3.1029/arm-gnu-toolchain/bin/../lib/gcc/arm-none-eabi/4.7.3/../../../../arm-none-eabi/lib/armv7-m\libc.a(lib_a-__call_atexit.o)
 .debug_line    0x00012cb9      0x10b c:/program files (x86)/atmel/atmel toolchain/arm gcc/native/4.7.3.1029/arm-gnu-toolchain/bin/../lib/gcc/arm-none-eabi/4.7.3/../../../../arm-none-eabi/lib/armv7-m\libc.a(lib_a-atexit.o)
 .debug_line    0x00012dc4      0x2c3 c:/program files (x86)/atmel/atmel toolchain/arm gcc/native/4.7.3.1029/arm-gnu-toolchain/bin/../lib/gcc/arm-none-eabi/4.7.3/../../../../arm-none-eabi/lib/armv7-m\libc.a(lib_a-freer.o)
 .debug_line    0x00013087      0x251 c:/program files (x86)/atmel/atmel toolchain/arm gcc/native/4.7.3.1029/arm-gnu-toolchain/bin/../lib/gcc/arm-none-eabi/4.7.3/../../../../arm-none-eabi/lib/armv7-m\libc.a(lib_a-reent.o)

.debug_str      0x00000000    0x44c2b
 .debug_str     0x00000000    0x3ed85 arduino/cortex_handlers.o
                              0x3f02b (size before relaxing)
 .debug_str     0x0003ed85       0x23 arduino/hooks.o
                               0x2397 (size before relaxing)
 .debug_str     0x0003eda8      0x99b arduino/IPAddress.o
                              0x3f725 (size before relaxing)
 .debug_str     0x0003f743      0xbbf arduino/Print.o
                              0x400ab (size before relaxing)
 .debug_str     0x00040302      0x155 arduino/Reset.o
                              0x3f5ac (size before relaxing)
 .debug_str     0x00040457       0x70 arduino/RingBuffer.o
                               0x47a0 (size before relaxing)
 .debug_str     0x000404c7      0x209 arduino/syscalls_sam3.o
                              0x35d70 (size before relaxing)
 .debug_str     0x000406d0      0x786 arduino/UARTClass.o
                              0x39124 (size before relaxing)
 .debug_str     0x00040e56      0x22b arduino/USARTClass.o
                              0x39180 (size before relaxing)
 .debug_str     0x00041081      0x4f1 arduino/USB/CDC.o
                              0x406df (size before relaxing)
 .debug_str     0x00041572      0x781 arduino/USB/USBCore.o
                              0x3fd09 (size before relaxing)
 .debug_str     0x00041cf3      0x591 arduino/WInterrupts.o
                              0x3f856 (size before relaxing)
 .debug_str     0x00042284       0x51 arduino/wiring.o
                              0x3f0aa (size before relaxing)
 .debug_str     0x000422d5      0x4bf arduino/wiring_analog.o
                              0x3fa06 (size before relaxing)
 .debug_str     0x00042794       0x43 arduino/wiring_digital.o
                              0x3f567 (size before relaxing)
 .debug_str     0x000427d7       0x40 Arduino_Due_Atmel_Studio_SAM3S.o
                              0x3f480 (size before relaxing)
 .debug_str     0x00042817      0x3c5 cmsis/src/startup_sam3s.o
                              0x32293 (size before relaxing)
 .debug_str     0x00042bdc      0x25b cmsis/src/system_sam3s.o
                              0x3212b (size before relaxing)
 .debug_str     0x00042e37      0x86b libsam/source/adc.o
                              0x350d4 (size before relaxing)
 .debug_str     0x000436a2       0x26 libsam/source/interrupt_sam_nvic.o
                              0x3480f (size before relaxing)
 .debug_str     0x000436c8      0x11f libsam/source/pio.o
                              0x34bf8 (size before relaxing)
 .debug_str     0x000437e7      0x570 libsam/source/pmc.o
                              0x34f54 (size before relaxing)
 .debug_str     0x00043d57       0x97 libsam/source/timetick.o
                              0x34b1c (size before relaxing)
 .debug_str     0x00043dee       0x77 libsam/source/wdt.o
                              0x3486e (size before relaxing)
 .debug_str     0x00043e65      0x11f variants/variant.o
                              0x4019e (size before relaxing)
 .debug_str     0x00043f84      0x3fa c:/program files (x86)/atmel/atmel toolchain/arm gcc/native/4.7.3.1029/arm-gnu-toolchain/bin/../lib/gcc/arm-none-eabi/4.7.3/../../../../arm-none-eabi/lib/armv7-m\libc.a(lib_a-__atexit.o)
                                0x56d (size before relaxing)
 .debug_str     0x0004437e       0x96 c:/program files (x86)/atmel/atmel toolchain/arm gcc/native/4.7.3.1029/arm-gnu-toolchain/bin/../lib/gcc/arm-none-eabi/4.7.3/../../../../arm-none-eabi/lib/armv7-m\libc.a(lib_a-fini.o)
                                0x184 (size before relaxing)
 .debug_str     0x00044414       0x6f c:/program files (x86)/atmel/atmel toolchain/arm gcc/native/4.7.3.1029/arm-gnu-toolchain/bin/../lib/gcc/arm-none-eabi/4.7.3/../../../../arm-none-eabi/lib/armv7-m\libc.a(lib_a-impure.o)
                                0x518 (size before relaxing)
 .debug_str     0x00044483       0xc0 c:/program files (x86)/atmel/atmel toolchain/arm gcc/native/4.7.3.1029/arm-gnu-toolchain/bin/../lib/gcc/arm-none-eabi/4.7.3/../../../../arm-none-eabi/lib/armv7-m\libc.a(lib_a-init.o)
                                0x1ae (size before relaxing)
 .debug_str     0x00044543       0x87 c:/program files (x86)/atmel/atmel toolchain/arm gcc/native/4.7.3.1029/arm-gnu-toolchain/bin/../lib/gcc/arm-none-eabi/4.7.3/../../../../arm-none-eabi/lib/armv7-m\libc.a(lib_a-malloc.o)
                                0x52b (size before relaxing)
 .debug_str     0x000445ca      0x2c7 c:/program files (x86)/atmel/atmel toolchain/arm gcc/native/4.7.3.1029/arm-gnu-toolchain/bin/../lib/gcc/arm-none-eabi/4.7.3/../../../../arm-none-eabi/lib/armv7-m\libc.a(lib_a-mallocr.o)
                                0x7aa (size before relaxing)
 .debug_str     0x00044891       0x6b c:/program files (x86)/atmel/atmel toolchain/arm gcc/native/4.7.3.1029/arm-gnu-toolchain/bin/../lib/gcc/arm-none-eabi/4.7.3/../../../../arm-none-eabi/lib/armv7-m\libc.a(lib_a-memset.o)
                                0x14d (size before relaxing)
 .debug_str     0x000448fc       0x78 c:/program files (x86)/atmel/atmel toolchain/arm gcc/native/4.7.3.1029/arm-gnu-toolchain/bin/../lib/gcc/arm-none-eabi/4.7.3/../../../../arm-none-eabi/lib/armv7-m\libc.a(lib_a-mlock.o)
                                0x520 (size before relaxing)
 .debug_str     0x00044974       0x62 c:/program files (x86)/atmel/atmel toolchain/arm gcc/native/4.7.3.1029/arm-gnu-toolchain/bin/../lib/gcc/arm-none-eabi/4.7.3/../../../../arm-none-eabi/lib/armv7-m\libc.a(lib_a-sbrkr.o)
                                0x50f (size before relaxing)
 .debug_str     0x000449d6       0x78 c:/program files (x86)/atmel/atmel toolchain/arm gcc/native/4.7.3.1029/arm-gnu-toolchain/bin/../lib/gcc/arm-none-eabi/4.7.3/../../../../arm-none-eabi/lib/armv7-m\libc.a(lib_a-strlen.o)
                                0x15a (size before relaxing)
 .debug_str     0x00044a4e       0xa9 c:/program files (x86)/atmel/atmel toolchain/arm gcc/native/4.7.3.1029/arm-gnu-toolchain/bin/../lib/gcc/arm-none-eabi/4.7.3/../../../../arm-none-eabi/lib/armv7-m\libc.a(lib_a-__call_atexit.o)
                                0x569 (size before relaxing)
 .debug_str     0x00044af7       0x64 c:/program files (x86)/atmel/atmel toolchain/arm gcc/native/4.7.3.1029/arm-gnu-toolchain/bin/../lib/gcc/arm-none-eabi/4.7.3/../../../../arm-none-eabi/lib/armv7-m\libc.a(lib_a-atexit.o)
                                0x18a (size before relaxing)
 .debug_str     0x00044b5b       0x34 c:/program files (x86)/atmel/atmel toolchain/arm gcc/native/4.7.3.1029/arm-gnu-toolchain/bin/../lib/gcc/arm-none-eabi/4.7.3/../../../../arm-none-eabi/lib/armv7-m\libc.a(lib_a-freer.o)
                                0x6f4 (size before relaxing)
 .debug_str     0x00044b8f       0x9c c:/program files (x86)/atmel/atmel toolchain/arm gcc/native/4.7.3.1029/arm-gnu-toolchain/bin/../lib/gcc/arm-none-eabi/4.7.3/../../../../arm-none-eabi/lib/armv7-m\libc.a(lib_a-reent.o)
                                0x545 (size before relaxing)

.debug_frame    0x00000000     0x1984
 .debug_frame   0x00000000       0x68 arduino/cortex_handlers.o
 .debug_frame   0x00000068       0x40 arduino/hooks.o
 .debug_frame   0x000000a8       0xd0 arduino/IPAddress.o
 .debug_frame   0x00000178      0x2d8 arduino/Print.o
 .debug_frame   0x00000450       0x58 arduino/Reset.o
 .debug_frame   0x000004a8       0x40 arduino/RingBuffer.o
 .debug_frame   0x000004e8       0xd0 arduino/syscalls_sam3.o
 .debug_frame   0x000005b8       0xd8 arduino/UARTClass.o
 .debug_frame   0x00000690       0xd8 arduino/USARTClass.o
 .debug_frame   0x00000768      0x148 arduino/USB/CDC.o
 .debug_frame   0x000008b0      0x218 arduino/USB/USBCore.o
 .debug_frame   0x00000ac8       0x7c arduino/WInterrupts.o
 .debug_frame   0x00000b44       0x70 arduino/wiring.o
 .debug_frame   0x00000bb4       0xa4 arduino/wiring_analog.o
 .debug_frame   0x00000c58       0x64 arduino/wiring_digital.o
 .debug_frame   0x00000cbc       0x5c Arduino_Due_Atmel_Studio_SAM3S.o
 .debug_frame   0x00000d18       0x3c cmsis/src/startup_sam3s.o
 .debug_frame   0x00000d54       0x40 cmsis/src/system_sam3s.o
 .debug_frame   0x00000d94      0x2f8 libsam/source/adc.o
 .debug_frame   0x0000108c       0xf8 libsam/source/pio.o
 .debug_frame   0x00001184      0x3b4 libsam/source/pmc.o
 .debug_frame   0x00001538       0x68 libsam/source/timetick.o
 .debug_frame   0x000015a0       0x60 libsam/source/wdt.o
 .debug_frame   0x00001600       0xe0 variants/variant.o
 .debug_frame   0x000016e0       0x34 c:/program files (x86)/atmel/atmel toolchain/arm gcc/native/4.7.3.1029/arm-gnu-toolchain/bin/../lib/gcc/arm-none-eabi/4.7.3/../../../../arm-none-eabi/lib/armv7-m\libc.a(lib_a-__atexit.o)
 .debug_frame   0x00001714       0x2c c:/program files (x86)/atmel/atmel toolchain/arm gcc/native/4.7.3.1029/arm-gnu-toolchain/bin/../lib/gcc/arm-none-eabi/4.7.3/../../../../arm-none-eabi/lib/armv7-m\libc.a(lib_a-fini.o)
 .debug_frame   0x00001740       0x2c c:/program files (x86)/atmel/atmel toolchain/arm gcc/native/4.7.3.1029/arm-gnu-toolchain/bin/../lib/gcc/arm-none-eabi/4.7.3/../../../../arm-none-eabi/lib/armv7-m\libc.a(lib_a-init.o)
 .debug_frame   0x0000176c       0x30 c:/program files (x86)/atmel/atmel toolchain/arm gcc/native/4.7.3.1029/arm-gnu-toolchain/bin/../lib/gcc/arm-none-eabi/4.7.3/../../../../arm-none-eabi/lib/armv7-m\libc.a(lib_a-malloc.o)
 .debug_frame   0x0000179c       0x34 c:/program files (x86)/atmel/atmel toolchain/arm gcc/native/4.7.3.1029/arm-gnu-toolchain/bin/../lib/gcc/arm-none-eabi/4.7.3/../../../../arm-none-eabi/lib/armv7-m\libc.a(lib_a-mallocr.o)
 .debug_frame   0x000017d0       0x20 c:/program files (x86)/atmel/atmel toolchain/arm gcc/native/4.7.3.1029/arm-gnu-toolchain/bin/../lib/gcc/arm-none-eabi/4.7.3/../../../../arm-none-eabi/lib/armv7-m\libc.a(lib_a-memset.o)
 .debug_frame   0x000017f0       0x30 c:/program files (x86)/atmel/atmel toolchain/arm gcc/native/4.7.3.1029/arm-gnu-toolchain/bin/../lib/gcc/arm-none-eabi/4.7.3/../../../../arm-none-eabi/lib/armv7-m\libc.a(lib_a-mlock.o)
 .debug_frame   0x00001820       0x2c c:/program files (x86)/atmel/atmel toolchain/arm gcc/native/4.7.3.1029/arm-gnu-toolchain/bin/../lib/gcc/arm-none-eabi/4.7.3/../../../../arm-none-eabi/lib/armv7-m\libc.a(lib_a-sbrkr.o)
 .debug_frame   0x0000184c       0x20 c:/program files (x86)/atmel/atmel toolchain/arm gcc/native/4.7.3.1029/arm-gnu-toolchain/bin/../lib/gcc/arm-none-eabi/4.7.3/../../../../arm-none-eabi/lib/armv7-m\libc.a(lib_a-strlen.o)
 .debug_frame   0x0000186c       0x44 c:/program files (x86)/atmel/atmel toolchain/arm gcc/native/4.7.3.1029/arm-gnu-toolchain/bin/../lib/gcc/arm-none-eabi/4.7.3/../../../../arm-none-eabi/lib/armv7-m\libc.a(lib_a-__call_atexit.o)
 .debug_frame   0x000018b0       0x20 c:/program files (x86)/atmel/atmel toolchain/arm gcc/native/4.7.3.1029/arm-gnu-toolchain/bin/../lib/gcc/arm-none-eabi/4.7.3/../../../../arm-none-eabi/lib/armv7-m\libc.a(lib_a-atexit.o)
 .debug_frame   0x000018d0       0x50 c:/program files (x86)/atmel/atmel toolchain/arm gcc/native/4.7.3.1029/arm-gnu-toolchain/bin/../lib/gcc/arm-none-eabi/4.7.3/../../../../arm-none-eabi/lib/armv7-m\libc.a(lib_a-freer.o)
 .debug_frame   0x00001920       0x64 c:/program files (x86)/atmel/atmel toolchain/arm gcc/native/4.7.3.1029/arm-gnu-toolchain/bin/../lib/gcc/arm-none-eabi/4.7.3/../../../../arm-none-eabi/lib/armv7-m\libc.a(lib_a-reent.o)